../Middlewares/Third_Party/lvgl/src/misc/lv_array.c:38:6:lv_array_init	8	static
../Middlewares/Third_Party/lvgl/src/misc/lv_array.c:48:6:lv_array_deinit	8	static
../Middlewares/Third_Party/lvgl/src/misc/lv_array.c:59:6:lv_array_copy	16	static
../Middlewares/Third_Party/lvgl/src/misc/lv_array.c:70:13:lv_array_remove	16	static
../Middlewares/Third_Party/lvgl/src/misc/lv_array.c:90:13:lv_array_erase	16	static
../Middlewares/Third_Party/lvgl/src/misc/lv_array.c:114:6:lv_array_resize	16	static
../Middlewares/Third_Party/lvgl/src/misc/lv_array.c:125:13:lv_array_concat	24	static
../Middlewares/Third_Party/lvgl/src/misc/lv_array.c:140:13:lv_array_push_back	16	static
../Middlewares/Third_Party/lvgl/src/misc/lv_array.c:155:8:lv_array_at	0	static
../Middlewares/Third_Party/lvgl/src/misc/lv_array.c:165:13:lv_array_assign	8	static
