../Middlewares/Third_Party/lvgl/src/misc/lv_math.c:52:31:lv_trigo_sin	0	static
../Middlewares/Third_Party/lvgl/src/misc/lv_math.c:126:9:lv_cubic_bezier	48	static
../Middlewares/Third_Party/lvgl/src/misc/lv_math.c:208:28:lv_sqrt	4	static
../Middlewares/Third_Party/lvgl/src/misc/lv_math.c:225:10:lv_atan2	0	static
../Middlewares/Third_Party/lvgl/src/misc/lv_math.c:302:9:lv_pow	8	static
../Middlewares/Third_Party/lvgl/src/misc/lv_math.c:315:9:lv_map	4	static
../Middlewares/Third_Party/lvgl/src/misc/lv_math.c:336:6:lv_rand_set_seed	0	static
../Middlewares/Third_Party/lvgl/src/misc/lv_math.c:341:10:lv_rand	0	static
