../Middlewares/Third_Party/lvgl/src/misc/lv_timer.c:55:6:_lv_timer_core_init	8	static
../Middlewares/Third_Party/lvgl/src/misc/lv_timer.c:63:37:lv_timer_handler	40	static
../Middlewares/Third_Party/lvgl/src/misc/lv_timer.c:146:33:lv_timer_periodic_handler	8	static
../Middlewares/Third_Party/lvgl/src/misc/lv_timer.c:156:14:lv_timer_create_basic	16	static
../Middlewares/Third_Party/lvgl/src/misc/lv_timer.c:161:14:lv_timer_create	24	static
../Middlewares/Third_Party/lvgl/src/misc/lv_timer.c:184:6:lv_timer_set_cb	0	static
../Middlewares/Third_Party/lvgl/src/misc/lv_timer.c:190:6:lv_timer_delete	16	static
../Middlewares/Third_Party/lvgl/src/misc/lv_timer.c:198:6:lv_timer_pause	0	static
../Middlewares/Third_Party/lvgl/src/misc/lv_timer.c:204:6:lv_timer_resume	0	static
../Middlewares/Third_Party/lvgl/src/misc/lv_timer.c:211:6:lv_timer_set_period	0	static
../Middlewares/Third_Party/lvgl/src/misc/lv_timer.c:217:6:lv_timer_ready	8	static
../Middlewares/Third_Party/lvgl/src/misc/lv_timer.c:223:6:lv_timer_set_repeat_count	0	static
../Middlewares/Third_Party/lvgl/src/misc/lv_timer.c:229:6:lv_timer_set_auto_delete	0	static
../Middlewares/Third_Party/lvgl/src/misc/lv_timer.c:235:6:lv_timer_set_user_data	0	static
../Middlewares/Third_Party/lvgl/src/misc/lv_timer.c:241:6:lv_timer_reset	8	static
../Middlewares/Third_Party/lvgl/src/misc/lv_timer.c:248:6:lv_timer_enable	0	static
../Middlewares/Third_Party/lvgl/src/misc/lv_timer.c:254:6:_lv_timer_core_deinit	0	static
../Middlewares/Third_Party/lvgl/src/misc/lv_timer.c:261:10:lv_timer_get_idle	0	static
../Middlewares/Third_Party/lvgl/src/misc/lv_timer.c:266:10:lv_timer_get_time_until_next	0	static
../Middlewares/Third_Party/lvgl/src/misc/lv_timer.c:271:14:lv_timer_get_next	0	static
../Middlewares/Third_Party/lvgl/src/misc/lv_timer.c:355:6:lv_timer_handler_set_resume_cb	0	static
