C:/Users/hussamaldean/Documents/Riverdi_Displays/Riverdi_Displays/Riverdi10_1/CAN_FD_Example/CM7/FATFS/Target/sd_diskio.c:578:9:SD_ioctl	56	static
C:/Users/hussamaldean/Documents/Riverdi_Displays/Riverdi_Displays/Riverdi10_1/CAN_FD_Example/CM7/FATFS/Target/sd_diskio.c:233:9:SD_status	8	static
C:/Users/hussamaldean/Documents/Riverdi_Displays/Riverdi_Displays/Riverdi10_1/CAN_FD_Example/CM7/FATFS/Target/sd_diskio.c:138:12:SD_CheckStatusWithTimeout.constprop	16	static
C:/Users/hussamaldean/Documents/Riverdi_Displays/Riverdi_Displays/Riverdi10_1/CAN_FD_Example/CM7/FATFS/Target/sd_diskio.c:411:9:SD_write	24	static
C:/Users/hussamaldean/Documents/Riverdi_Displays/Riverdi_Displays/Riverdi10_1/CAN_FD_Example/CM7/FATFS/Target/sd_diskio.c:250:9:SD_read	24	static
C:/Users/hussamaldean/Documents/Riverdi_Displays/Riverdi_Displays/Riverdi10_1/CAN_FD_Example/CM7/FATFS/Target/sd_diskio.c:176:9:SD_initialize	16	static
C:/Users/hussamaldean/Documents/Riverdi_Displays/Riverdi_Displays/Riverdi10_1/CAN_FD_Example/CM7/FATFS/Target/sd_diskio.c:633:6:BSP_SD_WriteCpltCallback	16	static
C:/Users/hussamaldean/Documents/Riverdi_Displays/Riverdi_Displays/Riverdi10_1/CAN_FD_Example/CM7/FATFS/Target/sd_diskio.c:653:6:BSP_SD_ReadCpltCallback	16	static
