../../CM7/../../CM7/TouchGFX/generated/fonts/include/fonts/ApplicationFontProvider.hpp:31:7:ApplicationFontProvider::~ApplicationFontProvider()	0	static
../../CM7/../../CM7/TouchGFX/generated/fonts/include/fonts/ApplicationFontProvider.hpp:31:7:virtual ApplicationFontProvider::~ApplicationFontProvider()	8	static
C:/Users/hussamaldean/STM32CubeIDE/Riverdi/Riverdi_Displays/Riverdi10_1/CAN_FD_Example/CM7/TouchGFX/generated/fonts/src/ApplicationFontProvider.cpp:8:17:virtual touchgfx::Font* ApplicationFontProvider::getFont(touchgfx::FontId)	8	static
