../Middlewares/Third_Party/lvgl/src/widgets/tabview/lv_tabview.c:59:12:lv_tabview_create	8	static
../Middlewares/Third_Party/lvgl/src/widgets/tabview/lv_tabview.c:97:6:lv_tabview_rename_tab	16	static
../Middlewares/Third_Party/lvgl/src/widgets/tabview/lv_tabview.c:107:6:lv_tabview_set_active	40	static
../Middlewares/Third_Party/lvgl/src/widgets/tabview/lv_tabview.c:277:13:lv_tabview_event	8	static
../Middlewares/Third_Party/lvgl/src/widgets/tabview/lv_tabview.c:300:13:cont_scroll_end_event_cb	32	static
../Middlewares/Third_Party/lvgl/src/widgets/tabview/lv_tabview.c:291:13:button_clicked_event_cb	16	static
../Middlewares/Third_Party/lvgl/src/widgets/tabview/lv_tabview.c:68:12:lv_tabview_add_tab	24	static
../Middlewares/Third_Party/lvgl/src/widgets/tabview/lv_tabview.c:153:6:lv_tabview_set_tab_bar_position	24	static
../Middlewares/Third_Party/lvgl/src/widgets/tabview/lv_tabview.c:255:13:lv_tabview_constructor	16	static
../Middlewares/Third_Party/lvgl/src/widgets/tabview/lv_tabview.c:212:6:lv_tabview_set_tab_bar_size	16	static
../Middlewares/Third_Party/lvgl/src/widgets/tabview/lv_tabview.c:227:10:lv_tabview_get_tab_active	0	static
../Middlewares/Third_Party/lvgl/src/widgets/tabview/lv_tabview.c:234:10:lv_tabview_get_tab_count	8	static
../Middlewares/Third_Party/lvgl/src/widgets/tabview/lv_tabview.c:241:12:lv_tabview_get_content	0	static
../Middlewares/Third_Party/lvgl/src/widgets/tabview/lv_tabview.c:246:12:lv_tabview_get_tab_bar	0	static
