C:/Users/hussamaldean/STM32CubeIDE/Riverdi/Riverdi_Displays/Riverdi5/TocuhGFX_Example/Core/Src/main.c:90:5:main	2
C:/Users/hussamaldean/STM32CubeIDE/Riverdi/Riverdi_Displays/Riverdi5/TocuhGFX_Example/Core/Src/main.c:194:6:SystemClock_Config	4
C:/Users/hussamaldean/STM32CubeIDE/Riverdi/Riverdi_Displays/Riverdi5/TocuhGFX_Example/Core/Src/main.c:267:6:PeriphCommonClock_Config	2
C:/Users/hussamaldean/STM32CubeIDE/Riverdi/Riverdi_Displays/Riverdi5/TocuhGFX_Example/Core/Src/main.c:285:13:SystemPower_Config	2
C:/Users/hussamaldean/STM32CubeIDE/Riverdi/Riverdi_Displays/Riverdi5/TocuhGFX_Example/Core/Src/main.c:331:6:HAL_TIM_PeriodElapsedCallback	2
C:/Users/hussamaldean/STM32CubeIDE/Riverdi/Riverdi_Displays/Riverdi5/TocuhGFX_Example/Core/Src/main.c:348:6:Error_Handler	1
