C:/Users/hussamaldean/STM32CubeIDE/Riverdi/Riverdi_Displays/Riverdi5/TocuhGFX_Example/Core/Src/tim.c:35:6:MX_TIM1_Init	104	static
C:/Users/hussamaldean/STM32CubeIDE/Riverdi/Riverdi_Displays/Riverdi5/TocuhGFX_Example/Core/Src/tim.c:102:6:MX_TIM3_Init	56	static
C:/Users/hussamaldean/STM32CubeIDE/Riverdi/Riverdi_Displays/Riverdi5/TocuhGFX_Example/Core/Src/tim.c:161:6:MX_TIM5_Init	48	static
C:/Users/hussamaldean/STM32CubeIDE/Riverdi/Riverdi_Displays/Riverdi5/TocuhGFX_Example/Core/Src/tim.c:205:6:MX_TIM6_Init	24	static
C:/Users/hussamaldean/STM32CubeIDE/Riverdi/Riverdi_Displays/Riverdi5/TocuhGFX_Example/Core/Src/tim.c:238:6:MX_TIM8_Init	104	static
C:/Users/hussamaldean/STM32CubeIDE/Riverdi/Riverdi_Displays/Riverdi5/TocuhGFX_Example/Core/Src/tim.c:305:6:MX_TIM15_Init	120	static
C:/Users/hussamaldean/STM32CubeIDE/Riverdi/Riverdi_Displays/Riverdi5/TocuhGFX_Example/Core/Src/tim.c:376:6:HAL_TIM_OC_MspInit	24	static
C:/Users/hussamaldean/STM32CubeIDE/Riverdi/Riverdi_Displays/Riverdi5/TocuhGFX_Example/Core/Src/tim.c:403:6:HAL_TIM_IC_MspInit	48	static
C:/Users/hussamaldean/STM32CubeIDE/Riverdi/Riverdi_Displays/Riverdi5/TocuhGFX_Example/Core/Src/tim.c:432:6:HAL_TIM_PWM_MspInit	24	static
C:/Users/hussamaldean/STM32CubeIDE/Riverdi/Riverdi_Displays/Riverdi5/TocuhGFX_Example/Core/Src/tim.c:448:6:HAL_TIM_Base_MspInit	24	static
C:/Users/hussamaldean/STM32CubeIDE/Riverdi/Riverdi_Displays/Riverdi5/TocuhGFX_Example/Core/Src/tim.c:474:6:HAL_TIM_MspPostInit	56	static
C:/Users/hussamaldean/STM32CubeIDE/Riverdi/Riverdi_Displays/Riverdi5/TocuhGFX_Example/Core/Src/tim.c:564:6:HAL_TIM_OC_MspDeInit	16	static
C:/Users/hussamaldean/STM32CubeIDE/Riverdi/Riverdi_Displays/Riverdi5/TocuhGFX_Example/Core/Src/tim.c:591:6:HAL_TIM_IC_MspDeInit	16	static
C:/Users/hussamaldean/STM32CubeIDE/Riverdi/Riverdi_Displays/Riverdi5/TocuhGFX_Example/Core/Src/tim.c:613:6:HAL_TIM_PWM_MspDeInit	16	static
C:/Users/hussamaldean/STM32CubeIDE/Riverdi/Riverdi_Displays/Riverdi5/TocuhGFX_Example/Core/Src/tim.c:629:6:HAL_TIM_Base_MspDeInit	16	static
