../Middlewares/Third_Party/lvgl/src/widgets/roller/lv_roller.c:782:13:set_y_anim	0	static
../Middlewares/Third_Party/lvgl/src/widgets/roller/lv_roller.c:787:13:transform_vect_recursive	40	static
../Middlewares/Third_Party/lvgl/src/widgets/roller/lv_roller.c:558:13:get_sel_area	40	static
../Middlewares/Third_Party/lvgl/src/widgets/roller/lv_roller.c:433:13:draw_main	248	static
../Middlewares/Third_Party/lvgl/src/widgets/roller/lv_roller.c:731:13:inf_normalize.part.0	32	static
../Middlewares/Third_Party/lvgl/src/widgets/roller/lv_roller.c:776:13:scroll_anim_completed_cb	8	static
../Middlewares/Third_Party/lvgl/src/widgets/roller/lv_roller.c:582:13:refr_position	120	static
../Middlewares/Third_Party/lvgl/src/widgets/roller/lv_roller.c:265:13:lv_roller_constructor	16	static
../Middlewares/Third_Party/lvgl/src/widgets/roller/lv_roller.c:402:13:lv_roller_label_event	224	static
../Middlewares/Third_Party/lvgl/src/widgets/roller/lv_roller.c:287:13:lv_roller_event	72	static
../Middlewares/Third_Party/lvgl/src/widgets/roller/lv_roller.c:79:12:lv_roller_create	8	static
../Middlewares/Third_Party/lvgl/src/widgets/roller/lv_roller.c:91:6:lv_roller_set_options	56	static
../Middlewares/Third_Party/lvgl/src/widgets/roller/lv_roller.c:147:6:lv_roller_set_selected	16	static
../Middlewares/Third_Party/lvgl/src/widgets/roller/lv_roller.c:181:6:lv_roller_set_visible_row_count	32	static
../Middlewares/Third_Party/lvgl/src/widgets/roller/lv_roller.c:195:10:lv_roller_get_selected	0	static
../Middlewares/Third_Party/lvgl/src/widgets/roller/lv_roller.c:209:6:lv_roller_get_selected_str	24	static
../Middlewares/Third_Party/lvgl/src/widgets/roller/lv_roller.c:241:14:lv_roller_get_options	8	static
../Middlewares/Third_Party/lvgl/src/widgets/roller/lv_roller.c:248:10:lv_roller_get_option_count	0	static
