../Middlewares/Third_Party/lvgl/demos/benchmark/lv_demo_benchmark.c:508:13:sysmon_perf_observer_cb	112	static
../Middlewares/Third_Party/lvgl/demos/benchmark/lv_demo_benchmark.c:542:13:table_draw_task_event_cb	16	static
../Middlewares/Third_Party/lvgl/demos/benchmark/lv_demo_benchmark.c:717:13:scroll_anim_y_cb	0	static
../Middlewares/Third_Party/lvgl/demos/benchmark/lv_demo_benchmark.c:737:13:shake_anim_y_cb	0	static
../Middlewares/Third_Party/lvgl/demos/benchmark/lv_demo_benchmark.c:678:13:color_anim_cb	16	static
../Middlewares/Third_Party/lvgl/demos/benchmark/lv_demo_benchmark.c:697:13:arc_anim_cb	0	static
../Middlewares/Third_Party/lvgl/demos/benchmark/lv_demo_benchmark.c:384:13:widgets_demo_cb	8	static
../Middlewares/Third_Party/lvgl/demos/benchmark/lv_demo_benchmark.c:169:13:rotated_argb_image_cb	136	static
../Middlewares/Third_Party/lvgl/demos/benchmark/lv_demo_benchmark.c:239:13:multiple_arcs_cb	144	static
../Middlewares/Third_Party/lvgl/demos/benchmark/lv_demo_benchmark.c:219:13:screen_sized_text_cb	104	static
../Middlewares/Third_Party/lvgl/demos/benchmark/lv_demo_benchmark.c:101:13:multiple_rectangles_cb	112	static
../Middlewares/Third_Party/lvgl/demos/benchmark/lv_demo_benchmark.c:77:13:moving_wallpaper_cb	112	static
../Middlewares/Third_Party/lvgl/demos/benchmark/lv_demo_benchmark.c:758:19:card_create	16	static
../Middlewares/Third_Party/lvgl/demos/benchmark/lv_demo_benchmark.c:368:13:containers_with_scrolling_cb	112	static
../Middlewares/Third_Party/lvgl/demos/benchmark/lv_demo_benchmark.c:297:13:containers_with_overlay_cb	144	static
../Middlewares/Third_Party/lvgl/demos/benchmark/lv_demo_benchmark.c:196:13:multiple_labels_cb	144	static
../Middlewares/Third_Party/lvgl/demos/benchmark/lv_demo_benchmark.c:117:13:multiple_rgb_images_cb	136	static
../Middlewares/Third_Party/lvgl/demos/benchmark/lv_demo_benchmark.c:143:13:multiple_argb_images_cb	136	static
../Middlewares/Third_Party/lvgl/demos/benchmark/lv_demo_benchmark.c:468:13:load_scene	32	static
../Middlewares/Third_Party/lvgl/demos/benchmark/lv_demo_benchmark.c:491:13:next_scene_timer_cb	72	static
../Middlewares/Third_Party/lvgl/demos/benchmark/lv_demo_benchmark.c:72:13:empty_screen_cb	96	static
../Middlewares/Third_Party/lvgl/demos/benchmark/lv_demo_benchmark.c:274:13:containers_cb	136	static
../Middlewares/Third_Party/lvgl/demos/benchmark/lv_demo_benchmark.c:322:13:containers_with_opa_cb	136	static
../Middlewares/Third_Party/lvgl/demos/benchmark/lv_demo_benchmark.c:345:13:containers_with_opa_layer_cb	136	static
../Middlewares/Third_Party/lvgl/demos/benchmark/lv_demo_benchmark.c:89:13:single_rectangle_cb	96	static
../Middlewares/Third_Party/lvgl/demos/benchmark/lv_demo_benchmark.c:434:6:lv_demo_benchmark	32	static
