../Middlewares/Third_Party/lvgl/src/widgets/canvas/lv_canvas.c:346:13:lv_canvas_constructor	0	static
../Middlewares/Third_Party/lvgl/src/widgets/canvas/lv_canvas.c:352:13:lv_canvas_destructor	0	static
../Middlewares/Third_Party/lvgl/src/widgets/canvas/lv_canvas.c:54:12:lv_canvas_create	8	static
../Middlewares/Third_Party/lvgl/src/widgets/canvas/lv_canvas.c:66:6:lv_canvas_set_buffer	40	static
../Middlewares/Third_Party/lvgl/src/widgets/canvas/lv_canvas.c:85:6:lv_canvas_set_draw_buf	16	static
../Middlewares/Third_Party/lvgl/src/widgets/canvas/lv_canvas.c:102:6:lv_canvas_set_px	48	static
../Middlewares/Third_Party/lvgl/src/widgets/canvas/lv_canvas.c:155:6:lv_canvas_set_palette	16	static
../Middlewares/Third_Party/lvgl/src/widgets/canvas/lv_canvas.c:169:17:lv_canvas_get_draw_buf	0	static
../Middlewares/Third_Party/lvgl/src/widgets/canvas/lv_canvas.c:177:14:lv_canvas_get_px	24	static
../Middlewares/Third_Party/lvgl/src/widgets/canvas/lv_canvas.c:223:18:lv_canvas_get_image	0	static
../Middlewares/Third_Party/lvgl/src/widgets/canvas/lv_canvas.c:231:14:lv_canvas_get_buf	0	static
../Middlewares/Third_Party/lvgl/src/widgets/canvas/lv_canvas.c:246:6:lv_canvas_copy_buf	4	static
../Middlewares/Third_Party/lvgl/src/widgets/canvas/lv_canvas.c:260:6:lv_canvas_fill_bg	64	static
../Middlewares/Third_Party/lvgl/src/widgets/canvas/lv_canvas.c:317:6:lv_canvas_init_layer	24	static
../Middlewares/Third_Party/lvgl/src/widgets/canvas/lv_canvas.c:334:6:lv_canvas_finish_layer	16	static
