../../Drivers/STM32U5xx_HAL_Driver/Inc/stm32u5xx_ll_dlyb.h:92:22:LL_DLYB_Enable	16	static
../../Drivers/STM32U5xx_HAL_Driver/Inc/stm32u5xx_ll_dlyb.h:102:22:LL_DLYB_Disable	16	static
C:/Users/hussamaldean/STM32CubeIDE/Riverdi/Riverdi_Displays/Riverdi5/TocuhGFX_Example/Drivers/STM32U5xx_HAL_Driver/Src/stm32u5xx_hal_ospi.c:320:19:HAL_OSPI_Init	32	static
C:/Users/hussamaldean/STM32CubeIDE/Riverdi/Riverdi_Displays/Riverdi5/TocuhGFX_Example/Drivers/STM32U5xx_HAL_Driver/Src/stm32u5xx_hal_ospi.c:452:13:HAL_OSPI_MspInit	16	static
C:/Users/hussamaldean/STM32CubeIDE/Riverdi/Riverdi_Displays/Riverdi5/TocuhGFX_Example/Drivers/STM32U5xx_HAL_Driver/Src/stm32u5xx_hal_ospi.c:467:19:HAL_OSPI_DeInit	24	static
C:/Users/hussamaldean/STM32CubeIDE/Riverdi/Riverdi_Displays/Riverdi5/TocuhGFX_Example/Drivers/STM32U5xx_HAL_Driver/Src/stm32u5xx_hal_ospi.c:510:13:HAL_OSPI_MspDeInit	16	static
C:/Users/hussamaldean/STM32CubeIDE/Riverdi/Riverdi_Displays/Riverdi5/TocuhGFX_Example/Drivers/STM32U5xx_HAL_Driver/Src/stm32u5xx_hal_ospi.c:550:6:HAL_OSPI_IRQHandler	32	static
C:/Users/hussamaldean/STM32CubeIDE/Riverdi/Riverdi_Displays/Riverdi5/TocuhGFX_Example/Drivers/STM32U5xx_HAL_Driver/Src/stm32u5xx_hal_ospi.c:781:19:HAL_OSPI_Command	48	static
C:/Users/hussamaldean/STM32CubeIDE/Riverdi/Riverdi_Displays/Riverdi5/TocuhGFX_Example/Drivers/STM32U5xx_HAL_Driver/Src/stm32u5xx_hal_ospi.c:913:19:HAL_OSPI_Command_IT	32	static
C:/Users/hussamaldean/STM32CubeIDE/Riverdi/Riverdi_Displays/Riverdi5/TocuhGFX_Example/Drivers/STM32U5xx_HAL_Driver/Src/stm32u5xx_hal_ospi.c:1003:19:HAL_OSPI_HyperbusCfg	48	static
C:/Users/hussamaldean/STM32CubeIDE/Riverdi/Riverdi_Displays/Riverdi5/TocuhGFX_Example/Drivers/STM32U5xx_HAL_Driver/Src/stm32u5xx_hal_ospi.c:1050:19:HAL_OSPI_HyperbusCmd	40	static
C:/Users/hussamaldean/STM32CubeIDE/Riverdi/Riverdi_Displays/Riverdi5/TocuhGFX_Example/Drivers/STM32U5xx_HAL_Driver/Src/stm32u5xx_hal_ospi.c:1112:19:HAL_OSPI_Transmit	48	static
C:/Users/hussamaldean/STM32CubeIDE/Riverdi/Riverdi_Displays/Riverdi5/TocuhGFX_Example/Drivers/STM32U5xx_HAL_Driver/Src/stm32u5xx_hal_ospi.c:1186:19:HAL_OSPI_Receive	56	static
C:/Users/hussamaldean/STM32CubeIDE/Riverdi/Riverdi_Displays/Riverdi5/TocuhGFX_Example/Drivers/STM32U5xx_HAL_Driver/Src/stm32u5xx_hal_ospi.c:1278:19:HAL_OSPI_Transmit_IT	24	static
C:/Users/hussamaldean/STM32CubeIDE/Riverdi/Riverdi_Displays/Riverdi5/TocuhGFX_Example/Drivers/STM32U5xx_HAL_Driver/Src/stm32u5xx_hal_ospi.c:1328:19:HAL_OSPI_Receive_IT	32	static
C:/Users/hussamaldean/STM32CubeIDE/Riverdi/Riverdi_Displays/Riverdi5/TocuhGFX_Example/Drivers/STM32U5xx_HAL_Driver/Src/stm32u5xx_hal_ospi.c:1401:19:HAL_OSPI_Transmit_DMA	32	static
C:/Users/hussamaldean/STM32CubeIDE/Riverdi/Riverdi_Displays/Riverdi5/TocuhGFX_Example/Drivers/STM32U5xx_HAL_Driver/Src/stm32u5xx_hal_ospi.c:1581:19:HAL_OSPI_Receive_DMA	40	static
C:/Users/hussamaldean/STM32CubeIDE/Riverdi/Riverdi_Displays/Riverdi5/TocuhGFX_Example/Drivers/STM32U5xx_HAL_Driver/Src/stm32u5xx_hal_ospi.c:1779:19:HAL_OSPI_AutoPolling	48	static
C:/Users/hussamaldean/STM32CubeIDE/Riverdi/Riverdi_Displays/Riverdi5/TocuhGFX_Example/Drivers/STM32U5xx_HAL_Driver/Src/stm32u5xx_hal_ospi.c:1857:19:HAL_OSPI_AutoPolling_IT	40	static
C:/Users/hussamaldean/STM32CubeIDE/Riverdi/Riverdi_Displays/Riverdi5/TocuhGFX_Example/Drivers/STM32U5xx_HAL_Driver/Src/stm32u5xx_hal_ospi.c:1932:19:HAL_OSPI_MemoryMapped	32	static
C:/Users/hussamaldean/STM32CubeIDE/Riverdi/Riverdi_Displays/Riverdi5/TocuhGFX_Example/Drivers/STM32U5xx_HAL_Driver/Src/stm32u5xx_hal_ospi.c:1985:13:HAL_OSPI_ErrorCallback	16	static
C:/Users/hussamaldean/STM32CubeIDE/Riverdi/Riverdi_Displays/Riverdi5/TocuhGFX_Example/Drivers/STM32U5xx_HAL_Driver/Src/stm32u5xx_hal_ospi.c:2000:13:HAL_OSPI_AbortCpltCallback	16	static
C:/Users/hussamaldean/STM32CubeIDE/Riverdi/Riverdi_Displays/Riverdi5/TocuhGFX_Example/Drivers/STM32U5xx_HAL_Driver/Src/stm32u5xx_hal_ospi.c:2015:13:HAL_OSPI_FifoThresholdCallback	16	static
C:/Users/hussamaldean/STM32CubeIDE/Riverdi/Riverdi_Displays/Riverdi5/TocuhGFX_Example/Drivers/STM32U5xx_HAL_Driver/Src/stm32u5xx_hal_ospi.c:2030:13:HAL_OSPI_CmdCpltCallback	16	static
C:/Users/hussamaldean/STM32CubeIDE/Riverdi/Riverdi_Displays/Riverdi5/TocuhGFX_Example/Drivers/STM32U5xx_HAL_Driver/Src/stm32u5xx_hal_ospi.c:2045:13:HAL_OSPI_RxCpltCallback	16	static
C:/Users/hussamaldean/STM32CubeIDE/Riverdi/Riverdi_Displays/Riverdi5/TocuhGFX_Example/Drivers/STM32U5xx_HAL_Driver/Src/stm32u5xx_hal_ospi.c:2060:13:HAL_OSPI_TxCpltCallback	16	static
C:/Users/hussamaldean/STM32CubeIDE/Riverdi/Riverdi_Displays/Riverdi5/TocuhGFX_Example/Drivers/STM32U5xx_HAL_Driver/Src/stm32u5xx_hal_ospi.c:2075:13:HAL_OSPI_RxHalfCpltCallback	16	static
C:/Users/hussamaldean/STM32CubeIDE/Riverdi/Riverdi_Displays/Riverdi5/TocuhGFX_Example/Drivers/STM32U5xx_HAL_Driver/Src/stm32u5xx_hal_ospi.c:2090:13:HAL_OSPI_TxHalfCpltCallback	16	static
C:/Users/hussamaldean/STM32CubeIDE/Riverdi/Riverdi_Displays/Riverdi5/TocuhGFX_Example/Drivers/STM32U5xx_HAL_Driver/Src/stm32u5xx_hal_ospi.c:2105:13:HAL_OSPI_StatusMatchCallback	16	static
C:/Users/hussamaldean/STM32CubeIDE/Riverdi/Riverdi_Displays/Riverdi5/TocuhGFX_Example/Drivers/STM32U5xx_HAL_Driver/Src/stm32u5xx_hal_ospi.c:2120:13:HAL_OSPI_TimeOutCallback	16	static
C:/Users/hussamaldean/STM32CubeIDE/Riverdi/Riverdi_Displays/Riverdi5/TocuhGFX_Example/Drivers/STM32U5xx_HAL_Driver/Src/stm32u5xx_hal_ospi.c:2371:19:HAL_OSPI_Abort	40	static
C:/Users/hussamaldean/STM32CubeIDE/Riverdi/Riverdi_Displays/Riverdi5/TocuhGFX_Example/Drivers/STM32U5xx_HAL_Driver/Src/stm32u5xx_hal_ospi.c:2439:19:HAL_OSPI_Abort_IT	24	static
C:/Users/hussamaldean/STM32CubeIDE/Riverdi/Riverdi_Displays/Riverdi5/TocuhGFX_Example/Drivers/STM32U5xx_HAL_Driver/Src/stm32u5xx_hal_ospi.c:2517:19:HAL_OSPI_SetFifoThreshold	24	static
C:/Users/hussamaldean/STM32CubeIDE/Riverdi/Riverdi_Displays/Riverdi5/TocuhGFX_Example/Drivers/STM32U5xx_HAL_Driver/Src/stm32u5xx_hal_ospi.c:2545:10:HAL_OSPI_GetFifoThreshold	16	static
C:/Users/hussamaldean/STM32CubeIDE/Riverdi/Riverdi_Displays/Riverdi5/TocuhGFX_Example/Drivers/STM32U5xx_HAL_Driver/Src/stm32u5xx_hal_ospi.c:2555:19:HAL_OSPI_SetTimeout	16	static
C:/Users/hussamaldean/STM32CubeIDE/Riverdi/Riverdi_Displays/Riverdi5/TocuhGFX_Example/Drivers/STM32U5xx_HAL_Driver/Src/stm32u5xx_hal_ospi.c:2566:10:HAL_OSPI_GetError	16	static
C:/Users/hussamaldean/STM32CubeIDE/Riverdi/Riverdi_Displays/Riverdi5/TocuhGFX_Example/Drivers/STM32U5xx_HAL_Driver/Src/stm32u5xx_hal_ospi.c:2576:10:HAL_OSPI_GetState	16	static
C:/Users/hussamaldean/STM32CubeIDE/Riverdi/Riverdi_Displays/Riverdi5/TocuhGFX_Example/Drivers/STM32U5xx_HAL_Driver/Src/stm32u5xx_hal_ospi.c:2609:19:HAL_OSPIM_Config	88	static
C:/Users/hussamaldean/STM32CubeIDE/Riverdi/Riverdi_Displays/Riverdi5/TocuhGFX_Example/Drivers/STM32U5xx_HAL_Driver/Src/stm32u5xx_hal_ospi.c:2870:13:OSPI_DMACplt	24	static
C:/Users/hussamaldean/STM32CubeIDE/Riverdi/Riverdi_Displays/Riverdi5/TocuhGFX_Example/Drivers/STM32U5xx_HAL_Driver/Src/stm32u5xx_hal_ospi.c:2890:13:OSPI_DMAHalfCplt	24	static
C:/Users/hussamaldean/STM32CubeIDE/Riverdi/Riverdi_Displays/Riverdi5/TocuhGFX_Example/Drivers/STM32U5xx_HAL_Driver/Src/stm32u5xx_hal_ospi.c:2918:13:OSPI_DMAError	24	static
C:/Users/hussamaldean/STM32CubeIDE/Riverdi/Riverdi_Displays/Riverdi5/TocuhGFX_Example/Drivers/STM32U5xx_HAL_Driver/Src/stm32u5xx_hal_ospi.c:2950:13:OSPI_DMAAbortCplt	24	static
C:/Users/hussamaldean/STM32CubeIDE/Riverdi/Riverdi_Displays/Riverdi5/TocuhGFX_Example/Drivers/STM32U5xx_HAL_Driver/Src/stm32u5xx_hal_ospi.c:3007:26:OSPI_WaitFlagStateUntilTimeout	24	static
C:/Users/hussamaldean/STM32CubeIDE/Riverdi/Riverdi_Displays/Riverdi5/TocuhGFX_Example/Drivers/STM32U5xx_HAL_Driver/Src/stm32u5xx_hal_ospi.c:3038:26:OSPI_ConfigCmd	40	static
C:/Users/hussamaldean/STM32CubeIDE/Riverdi/Riverdi_Displays/Riverdi5/TocuhGFX_Example/Drivers/STM32U5xx_HAL_Driver/Src/stm32u5xx_hal_ospi.c:3220:26:OSPIM_GetConfig	32	static
C:/Users/hussamaldean/STM32CubeIDE/Riverdi/Riverdi_Displays/Riverdi5/TocuhGFX_Example/Drivers/STM32U5xx_HAL_Driver/Src/stm32u5xx_hal_ospi.c:3352:19:HAL_OSPI_DLYB_SetConfig	24	static
C:/Users/hussamaldean/STM32CubeIDE/Riverdi/Riverdi_Displays/Riverdi5/TocuhGFX_Example/Drivers/STM32U5xx_HAL_Driver/Src/stm32u5xx_hal_ospi.c:3405:19:HAL_OSPI_DLYB_GetConfig	24	static
C:/Users/hussamaldean/STM32CubeIDE/Riverdi/Riverdi_Displays/Riverdi5/TocuhGFX_Example/Drivers/STM32U5xx_HAL_Driver/Src/stm32u5xx_hal_ospi.c:3436:19:HAL_OSPI_DLYB_GetClockPeriod	24	static
