C:/Users/hussamaldean/STM32CubeIDE/Riverdi/Riverdi_Displays/Riverdi5/TocuhGFX_Example/Drivers/STM32U5xx_HAL_Driver/Src/stm32u5xx_hal_rng.c:154:19:HAL_RNG_Init	24	static
C:/Users/hussamaldean/STM32CubeIDE/Riverdi/Riverdi_Displays/Riverdi5/TocuhGFX_Example/Drivers/STM32U5xx_HAL_Driver/Src/stm32u5xx_hal_rng.c:266:19:HAL_RNG_DeInit	24	static
C:/Users/hussamaldean/STM32CubeIDE/Riverdi/Riverdi_Displays/Riverdi5/TocuhGFX_Example/Drivers/STM32U5xx_HAL_Driver/Src/stm32u5xx_hal_rng.c:340:13:HAL_RNG_MspInit	16	static
C:/Users/hussamaldean/STM32CubeIDE/Riverdi/Riverdi_Displays/Riverdi5/TocuhGFX_Example/Drivers/STM32U5xx_HAL_Driver/Src/stm32u5xx_hal_rng.c:355:13:HAL_RNG_MspDeInit	16	static
C:/Users/hussamaldean/STM32CubeIDE/Riverdi/Riverdi_Displays/Riverdi5/TocuhGFX_Example/Drivers/STM32U5xx_HAL_Driver/Src/stm32u5xx_hal_rng.c:622:19:HAL_RNG_GenerateRandomNumber	24	static
C:/Users/hussamaldean/STM32CubeIDE/Riverdi/Riverdi_Displays/Riverdi5/TocuhGFX_Example/Drivers/STM32U5xx_HAL_Driver/Src/stm32u5xx_hal_rng.c:704:19:HAL_RNG_GenerateRandomNumber_IT	24	static
C:/Users/hussamaldean/STM32CubeIDE/Riverdi/Riverdi_Displays/Riverdi5/TocuhGFX_Example/Drivers/STM32U5xx_HAL_Driver/Src/stm32u5xx_hal_rng.c:753:6:HAL_RNG_IRQHandler	24	static
C:/Users/hussamaldean/STM32CubeIDE/Riverdi/Riverdi_Displays/Riverdi5/TocuhGFX_Example/Drivers/STM32U5xx_HAL_Driver/Src/stm32u5xx_hal_rng.c:839:10:HAL_RNG_ReadLastRandomNumber	16	static
C:/Users/hussamaldean/STM32CubeIDE/Riverdi/Riverdi_Displays/Riverdi5/TocuhGFX_Example/Drivers/STM32U5xx_HAL_Driver/Src/stm32u5xx_hal_rng.c:856:13:HAL_RNG_ReadyDataCallback	16	static
C:/Users/hussamaldean/STM32CubeIDE/Riverdi/Riverdi_Displays/Riverdi5/TocuhGFX_Example/Drivers/STM32U5xx_HAL_Driver/Src/stm32u5xx_hal_rng.c:872:13:HAL_RNG_ErrorCallback	16	static
C:/Users/hussamaldean/STM32CubeIDE/Riverdi/Riverdi_Displays/Riverdi5/TocuhGFX_Example/Drivers/STM32U5xx_HAL_Driver/Src/stm32u5xx_hal_rng.c:906:22:HAL_RNG_GetState	16	static
C:/Users/hussamaldean/STM32CubeIDE/Riverdi/Riverdi_Displays/Riverdi5/TocuhGFX_Example/Drivers/STM32U5xx_HAL_Driver/Src/stm32u5xx_hal_rng.c:916:10:HAL_RNG_GetError	16	static
C:/Users/hussamaldean/STM32CubeIDE/Riverdi/Riverdi_Displays/Riverdi5/TocuhGFX_Example/Drivers/STM32U5xx_HAL_Driver/Src/stm32u5xx_hal_rng.c:938:19:RNG_RecoverSeedError	24	static
