C:/Users/hussamaldean/STM32CubeIDE/Riverdi/Riverdi_Displays/Riverdi5/TocuhGFX_Example/Drivers/STM32U5xx_HAL_Driver/Src/stm32u5xx_hal_sd.c:336:19:HAL_SD_Init	48	static
C:/Users/hussamaldean/STM32CubeIDE/Riverdi/Riverdi_Displays/Riverdi5/TocuhGFX_Example/Drivers/STM32U5xx_HAL_Driver/Src/stm32u5xx_hal_sd.c:465:19:HAL_SD_InitCard	64	static
C:/Users/hussamaldean/STM32CubeIDE/Riverdi/Riverdi_Displays/Riverdi5/TocuhGFX_Example/Drivers/STM32U5xx_HAL_Driver/Src/stm32u5xx_hal_sd.c:555:19:HAL_SD_DeInit	16	static
C:/Users/hussamaldean/STM32CubeIDE/Riverdi/Riverdi_Displays/Riverdi5/TocuhGFX_Example/Drivers/STM32U5xx_HAL_Driver/Src/stm32u5xx_hal_sd.c:612:13:HAL_SD_MspInit	16	static
C:/Users/hussamaldean/STM32CubeIDE/Riverdi/Riverdi_Displays/Riverdi5/TocuhGFX_Example/Drivers/STM32U5xx_HAL_Driver/Src/stm32u5xx_hal_sd.c:627:13:HAL_SD_MspDeInit	16	static
C:/Users/hussamaldean/STM32CubeIDE/Riverdi/Riverdi_Displays/Riverdi5/TocuhGFX_Example/Drivers/STM32U5xx_HAL_Driver/Src/stm32u5xx_hal_sd.c:668:19:HAL_SD_ReadBlocks	80	static
C:/Users/hussamaldean/STM32CubeIDE/Riverdi/Riverdi_Displays/Riverdi5/TocuhGFX_Example/Drivers/STM32U5xx_HAL_Driver/Src/stm32u5xx_hal_sd.c:853:19:HAL_SD_WriteBlocks	80	static
C:/Users/hussamaldean/STM32CubeIDE/Riverdi/Riverdi_Displays/Riverdi5/TocuhGFX_Example/Drivers/STM32U5xx_HAL_Driver/Src/stm32u5xx_hal_sd.c:1040:19:HAL_SD_ReadBlocks_IT	56	static
C:/Users/hussamaldean/STM32CubeIDE/Riverdi/Riverdi_Displays/Riverdi5/TocuhGFX_Example/Drivers/STM32U5xx_HAL_Driver/Src/stm32u5xx_hal_sd.c:1135:19:HAL_SD_WriteBlocks_IT	56	static
C:/Users/hussamaldean/STM32CubeIDE/Riverdi/Riverdi_Displays/Riverdi5/TocuhGFX_Example/Drivers/STM32U5xx_HAL_Driver/Src/stm32u5xx_hal_sd.c:1232:19:HAL_SD_ReadBlocks_DMA	56	static
C:/Users/hussamaldean/STM32CubeIDE/Riverdi/Riverdi_Displays/Riverdi5/TocuhGFX_Example/Drivers/STM32U5xx_HAL_Driver/Src/stm32u5xx_hal_sd.c:1331:19:HAL_SD_WriteBlocks_DMA	56	static
C:/Users/hussamaldean/STM32CubeIDE/Riverdi/Riverdi_Displays/Riverdi5/TocuhGFX_Example/Drivers/STM32U5xx_HAL_Driver/Src/stm32u5xx_hal_sd.c:1427:19:HAL_SD_Erase	40	static
C:/Users/hussamaldean/STM32CubeIDE/Riverdi/Riverdi_Displays/Riverdi5/TocuhGFX_Example/Drivers/STM32U5xx_HAL_Driver/Src/stm32u5xx_hal_sd.c:1529:6:HAL_SD_IRQHandler	24	static
C:/Users/hussamaldean/STM32CubeIDE/Riverdi/Riverdi_Displays/Riverdi5/TocuhGFX_Example/Drivers/STM32U5xx_HAL_Driver/Src/stm32u5xx_hal_sd.c:1741:21:HAL_SD_GetState	16	static
C:/Users/hussamaldean/STM32CubeIDE/Riverdi/Riverdi_Displays/Riverdi5/TocuhGFX_Example/Drivers/STM32U5xx_HAL_Driver/Src/stm32u5xx_hal_sd.c:1752:10:HAL_SD_GetError	16	static
C:/Users/hussamaldean/STM32CubeIDE/Riverdi/Riverdi_Displays/Riverdi5/TocuhGFX_Example/Drivers/STM32U5xx_HAL_Driver/Src/stm32u5xx_hal_sd.c:1762:13:HAL_SD_TxCpltCallback	16	static
C:/Users/hussamaldean/STM32CubeIDE/Riverdi/Riverdi_Displays/Riverdi5/TocuhGFX_Example/Drivers/STM32U5xx_HAL_Driver/Src/stm32u5xx_hal_sd.c:1777:13:HAL_SD_RxCpltCallback	16	static
C:/Users/hussamaldean/STM32CubeIDE/Riverdi/Riverdi_Displays/Riverdi5/TocuhGFX_Example/Drivers/STM32U5xx_HAL_Driver/Src/stm32u5xx_hal_sd.c:1792:13:HAL_SD_ErrorCallback	16	static
C:/Users/hussamaldean/STM32CubeIDE/Riverdi/Riverdi_Displays/Riverdi5/TocuhGFX_Example/Drivers/STM32U5xx_HAL_Driver/Src/stm32u5xx_hal_sd.c:1807:13:HAL_SD_AbortCallback	16	static
C:/Users/hussamaldean/STM32CubeIDE/Riverdi/Riverdi_Displays/Riverdi5/TocuhGFX_Example/Drivers/STM32U5xx_HAL_Driver/Src/stm32u5xx_hal_sd.c:2117:19:HAL_SD_GetCardCID	16	static
C:/Users/hussamaldean/STM32CubeIDE/Riverdi/Riverdi_Displays/Riverdi5/TocuhGFX_Example/Drivers/STM32U5xx_HAL_Driver/Src/stm32u5xx_hal_sd.c:2150:19:HAL_SD_GetCardCSD	16	static
C:/Users/hussamaldean/STM32CubeIDE/Riverdi/Riverdi_Displays/Riverdi5/TocuhGFX_Example/Drivers/STM32U5xx_HAL_Driver/Src/stm32u5xx_hal_sd.c:2264:19:HAL_SD_GetCardStatus	88	static
C:/Users/hussamaldean/STM32CubeIDE/Riverdi/Riverdi_Displays/Riverdi5/TocuhGFX_Example/Drivers/STM32U5xx_HAL_Driver/Src/stm32u5xx_hal_sd.c:2334:19:HAL_SD_GetCardInfo	16	static
C:/Users/hussamaldean/STM32CubeIDE/Riverdi/Riverdi_Displays/Riverdi5/TocuhGFX_Example/Drivers/STM32U5xx_HAL_Driver/Src/stm32u5xx_hal_sd.c:2359:19:HAL_SD_ConfigWideBusOperation	64	static
C:/Users/hussamaldean/STM32CubeIDE/Riverdi/Riverdi_Displays/Riverdi5/TocuhGFX_Example/Drivers/STM32U5xx_HAL_Driver/Src/stm32u5xx_hal_sd.c:2523:19:HAL_SD_ConfigSpeedBusOperation	32	static
C:/Users/hussamaldean/STM32CubeIDE/Riverdi/Riverdi_Displays/Riverdi5/TocuhGFX_Example/Drivers/STM32U5xx_HAL_Driver/Src/stm32u5xx_hal_sd.c:2821:25:HAL_SD_GetCardState	32	static
C:/Users/hussamaldean/STM32CubeIDE/Riverdi/Riverdi_Displays/Riverdi5/TocuhGFX_Example/Drivers/STM32U5xx_HAL_Driver/Src/stm32u5xx_hal_sd.c:2844:19:HAL_SD_Abort	24	static
C:/Users/hussamaldean/STM32CubeIDE/Riverdi/Riverdi_Displays/Riverdi5/TocuhGFX_Example/Drivers/STM32U5xx_HAL_Driver/Src/stm32u5xx_hal_sd.c:2940:19:HAL_SD_Abort_IT	24	static
C:/Users/hussamaldean/STM32CubeIDE/Riverdi/Riverdi_Displays/Riverdi5/TocuhGFX_Example/Drivers/STM32U5xx_HAL_Driver/Src/stm32u5xx_hal_sd.c:2997:17:SD_InitCard	72	static
C:/Users/hussamaldean/STM32CubeIDE/Riverdi/Riverdi_Displays/Riverdi5/TocuhGFX_Example/Drivers/STM32U5xx_HAL_Driver/Src/stm32u5xx_hal_sd.c:3094:17:SD_PowerON	32	static
C:/Users/hussamaldean/STM32CubeIDE/Riverdi/Riverdi_Displays/Riverdi5/TocuhGFX_Example/Drivers/STM32U5xx_HAL_Driver/Src/stm32u5xx_hal_sd.c:3263:13:SD_PowerOFF	16	static
C:/Users/hussamaldean/STM32CubeIDE/Riverdi/Riverdi_Displays/Riverdi5/TocuhGFX_Example/Drivers/STM32U5xx_HAL_Driver/Src/stm32u5xx_hal_sd.c:3276:17:SD_SendSDStatus	56	static
C:/Users/hussamaldean/STM32CubeIDE/Riverdi/Riverdi_Displays/Riverdi5/TocuhGFX_Example/Drivers/STM32U5xx_HAL_Driver/Src/stm32u5xx_hal_sd.c:3382:17:SD_SendStatus	24	static
C:/Users/hussamaldean/STM32CubeIDE/Riverdi/Riverdi_Displays/Riverdi5/TocuhGFX_Example/Drivers/STM32U5xx_HAL_Driver/Src/stm32u5xx_hal_sd.c:3409:17:SD_WideBus_Enable	32	static
C:/Users/hussamaldean/STM32CubeIDE/Riverdi/Riverdi_Displays/Riverdi5/TocuhGFX_Example/Drivers/STM32U5xx_HAL_Driver/Src/stm32u5xx_hal_sd.c:3456:17:SD_WideBus_Disable	32	static
C:/Users/hussamaldean/STM32CubeIDE/Riverdi/Riverdi_Displays/Riverdi5/TocuhGFX_Example/Drivers/STM32U5xx_HAL_Driver/Src/stm32u5xx_hal_sd.c:3505:17:SD_FindSCR	64	static
C:/Users/hussamaldean/STM32CubeIDE/Riverdi/Riverdi_Displays/Riverdi5/TocuhGFX_Example/Drivers/STM32U5xx_HAL_Driver/Src/stm32u5xx_hal_sd.c:3601:13:SD_Read_IT	32	static
C:/Users/hussamaldean/STM32CubeIDE/Riverdi/Riverdi_Displays/Riverdi5/TocuhGFX_Example/Drivers/STM32U5xx_HAL_Driver/Src/stm32u5xx_hal_sd.c:3636:13:SD_Write_IT	32	static
C:/Users/hussamaldean/STM32CubeIDE/Riverdi/Riverdi_Displays/Riverdi5/TocuhGFX_Example/Drivers/STM32U5xx_HAL_Driver/Src/stm32u5xx_hal_sd.c:3674:10:SD_SwitchSpeed	128	static
C:/Users/hussamaldean/STM32CubeIDE/Riverdi/Riverdi_Displays/Riverdi5/TocuhGFX_Example/Drivers/STM32U5xx_HAL_Driver/Src/stm32u5xx_hal_sd.c:4041:13:HAL_SDEx_Read_DMALnkLstBufCpltCallback	16	static
C:/Users/hussamaldean/STM32CubeIDE/Riverdi/Riverdi_Displays/Riverdi5/TocuhGFX_Example/Drivers/STM32U5xx_HAL_Driver/Src/stm32u5xx_hal_sd.c:4055:13:HAL_SDEx_Write_DMALnkLstBufCpltCallback	16	static
