../Middlewares/Third_Party/lvgl/src/widgets/menu/lv_menu.c:585:13:lv_menu_destructor	0	static
../Middlewares/Third_Party/lvgl/src/widgets/menu/lv_menu.c:631:13:lv_menu_section_constructor	8	static
../Middlewares/Third_Party/lvgl/src/widgets/menu/lv_menu.c:623:13:lv_menu_cont_constructor	8	static
../Middlewares/Third_Party/lvgl/src/widgets/menu/lv_menu.c:518:13:lv_menu_constructor	24	static
../Middlewares/Third_Party/lvgl/src/widgets/menu/lv_menu.c:795:13:lv_menu_value_changed_event_cb	8	static
../Middlewares/Third_Party/lvgl/src/widgets/menu/lv_menu.c:610:13:lv_menu_page_destructor	8	static
../Middlewares/Third_Party/lvgl/src/widgets/menu/lv_menu.c:750:13:lv_menu_obj_delete_event_cb	8	static
../Middlewares/Third_Party/lvgl/src/widgets/menu/lv_menu.c:598:13:lv_menu_page_constructor	8	static
../Middlewares/Third_Party/lvgl/src/widgets/menu/lv_menu.c:638:13:lv_menu_refr_sidebar_header_mode	8	static
../Middlewares/Third_Party/lvgl/src/widgets/menu/lv_menu.c:118:12:lv_menu_create	8	static
../Middlewares/Third_Party/lvgl/src/widgets/menu/lv_menu.c:126:12:lv_menu_page_create	16	static
../Middlewares/Third_Party/lvgl/src/widgets/menu/lv_menu.c:141:12:lv_menu_cont_create	8	static
../Middlewares/Third_Party/lvgl/src/widgets/menu/lv_menu.c:149:12:lv_menu_section_create	8	static
../Middlewares/Third_Party/lvgl/src/widgets/menu/lv_menu.c:157:12:lv_menu_separator_create	8	static
../Middlewares/Third_Party/lvgl/src/widgets/menu/lv_menu.c:193:6:lv_menu_set_page	16	static
../Middlewares/Third_Party/lvgl/src/widgets/menu/lv_menu.c:756:13:lv_menu_back_event_cb	24	static
../Middlewares/Third_Party/lvgl/src/widgets/menu/lv_menu.c:709:13:lv_menu_load_page_event_cb	16	static
../Middlewares/Third_Party/lvgl/src/widgets/menu/lv_menu.c:273:6:lv_menu_set_sidebar_page	24	static
../Middlewares/Third_Party/lvgl/src/widgets/menu/lv_menu.c:336:6:lv_menu_set_mode_header	8	static
../Middlewares/Third_Party/lvgl/src/widgets/menu/lv_menu.c:349:6:lv_menu_set_mode_root_back_button	16	static
../Middlewares/Third_Party/lvgl/src/widgets/menu/lv_menu.c:361:6:lv_menu_set_load_page_event	32	static
../Middlewares/Third_Party/lvgl/src/widgets/menu/lv_menu.c:389:6:lv_menu_set_page_title	16	static
../Middlewares/Third_Party/lvgl/src/widgets/menu/lv_menu.c:414:6:lv_menu_set_page_title_static	16	static
../Middlewares/Third_Party/lvgl/src/widgets/menu/lv_menu.c:439:12:lv_menu_get_cur_main_page	0	static
../Middlewares/Third_Party/lvgl/src/widgets/menu/lv_menu.c:447:12:lv_menu_get_cur_sidebar_page	0	static
../Middlewares/Third_Party/lvgl/src/widgets/menu/lv_menu.c:455:12:lv_menu_get_main_header	0	static
../Middlewares/Third_Party/lvgl/src/widgets/menu/lv_menu.c:463:12:lv_menu_get_main_header_back_button	0	static
../Middlewares/Third_Party/lvgl/src/widgets/menu/lv_menu.c:471:12:lv_menu_get_sidebar_header	0	static
../Middlewares/Third_Party/lvgl/src/widgets/menu/lv_menu.c:479:12:lv_menu_get_sidebar_header_back_button	0	static
../Middlewares/Third_Party/lvgl/src/widgets/menu/lv_menu.c:487:6:lv_menu_back_button_is_root	0	static
../Middlewares/Third_Party/lvgl/src/widgets/menu/lv_menu.c:502:6:lv_menu_clear_history	8	static
