../Middlewares/Third_Party/lvgl/src/draw/lv_draw_buf.c:473:15:buf_align	0	static
../Middlewares/Third_Party/lvgl/src/draw/lv_draw_buf.c:485:17:width_to_stride	8	static
../Middlewares/Third_Party/lvgl/src/draw/lv_draw_buf.c:468:13:buf_free	0	static
../Middlewares/Third_Party/lvgl/src/draw/lv_draw_buf.c:459:15:buf_malloc	0	static
../Middlewares/Third_Party/lvgl/src/draw/lv_draw_buf.c:46:6:_lv_draw_buf_init_handlers	8	static
../Middlewares/Third_Party/lvgl/src/draw/lv_draw_buf.c:56:26:lv_draw_buf_get_handlers	0	static
../Middlewares/Third_Party/lvgl/src/draw/lv_draw_buf.c:61:10:lv_draw_buf_width_to_stride	0	static
../Middlewares/Third_Party/lvgl/src/draw/lv_draw_buf.c:67:8:lv_draw_buf_align	0	static
../Middlewares/Third_Party/lvgl/src/draw/lv_draw_buf.c:73:6:lv_draw_buf_invalidate_cache	24	static
../Middlewares/Third_Party/lvgl/src/draw/lv_draw_buf.c:89:6:lv_draw_buf_clear	32	static
../Middlewares/Third_Party/lvgl/src/draw/lv_draw_buf.c:117:6:lv_draw_buf_copy	48	static
../Middlewares/Third_Party/lvgl/src/draw/lv_draw_buf.c:172:13:lv_draw_buf_init	24	static
../Middlewares/Third_Party/lvgl/src/draw/lv_draw_buf.c:203:17:lv_draw_buf_create	40	static
../Middlewares/Third_Party/lvgl/src/draw/lv_draw_buf.c:233:17:lv_draw_buf_dup	48	static
../Middlewares/Third_Party/lvgl/src/draw/lv_draw_buf.c:250:17:lv_draw_buf_reshape	32	static
../Middlewares/Third_Party/lvgl/src/draw/lv_draw_buf.c:274:6:lv_draw_buf_destroy	8	static
../Middlewares/Third_Party/lvgl/src/draw/lv_draw_buf.c:288:8:lv_draw_buf_goto_xy	16	static
../Middlewares/Third_Party/lvgl/src/draw/lv_draw_buf.c:304:13:lv_draw_buf_adjust_stride	40	static
../Middlewares/Third_Party/lvgl/src/draw/lv_draw_buf.c:363:13:lv_draw_buf_premultiply	36	static
../Middlewares/Third_Party/lvgl/src/draw/lv_draw_buf.c:441:6:lv_draw_buf_set_palette	16	static
