../Middlewares/Third_Party/lvgl/src/draw/lv_draw_image.c:254:13:img_decode_and_draw	136	static
../Middlewares/Third_Party/lvgl/src/draw/lv_draw_image.c:46:6:lv_draw_image_dsc_init	8	static
../Middlewares/Third_Party/lvgl/src/draw/lv_draw_image.c:58:23:lv_draw_task_get_image_dsc	0	static
../Middlewares/Third_Party/lvgl/src/draw/lv_draw_image.c:113:16:lv_image_src_get_type	0	static
../Middlewares/Third_Party/lvgl/src/draw/lv_draw_image.c:170:6:_lv_draw_image_tiled_helper	176	static
../Middlewares/Third_Party/lvgl/src/draw/lv_draw_image.c:223:6:_lv_image_buf_get_transformed_area	72	static
../Middlewares/Third_Party/lvgl/src/draw/lv_draw_image.c:63:6:lv_draw_layer	40	static
../Middlewares/Third_Party/lvgl/src/draw/lv_draw_image.c:82:6:lv_draw_image	40	static
../Middlewares/Third_Party/lvgl/src/draw/lv_draw_image.c:130:6:_lv_draw_image_normal_helper	136	static
