../Middlewares/Third_Party/lvgl/src/draw/lv_image_decoder.c:305:29:image_decoder_get_info	24	static
../Middlewares/Third_Party/lvgl/src/draw/lv_image_decoder.c:69:6:_lv_image_decoder_init	0	static
../Middlewares/Third_Party/lvgl/src/draw/lv_image_decoder.c:96:6:_lv_image_decoder_deinit	0	static
../Middlewares/Third_Party/lvgl/src/draw/lv_image_decoder.c:108:13:lv_image_decoder_get_info	8	static
../Middlewares/Third_Party/lvgl/src/draw/lv_image_decoder.c:116:13:lv_image_decoder_open	16	static
../Middlewares/Third_Party/lvgl/src/draw/lv_image_decoder.c:157:13:lv_image_decoder_get_area	4	static
../Middlewares/Third_Party/lvgl/src/draw/lv_image_decoder.c:166:6:lv_image_decoder_close	0	static
../Middlewares/Third_Party/lvgl/src/draw/lv_image_decoder.c:177:22:lv_image_decoder_create	8	static
../Middlewares/Third_Party/lvgl/src/draw/lv_image_decoder.c:189:6:lv_image_decoder_delete	8	static
../Middlewares/Third_Party/lvgl/src/draw/lv_image_decoder.c:195:22:lv_image_decoder_get_next	0	static
../Middlewares/Third_Party/lvgl/src/draw/lv_image_decoder.c:203:6:lv_image_decoder_set_info_cb	0	static
../Middlewares/Third_Party/lvgl/src/draw/lv_image_decoder.c:208:6:lv_image_decoder_set_open_cb	0	static
../Middlewares/Third_Party/lvgl/src/draw/lv_image_decoder.c:213:6:lv_image_decoder_set_get_area_cb	0	static
../Middlewares/Third_Party/lvgl/src/draw/lv_image_decoder.c:218:6:lv_image_decoder_set_close_cb	0	static
../Middlewares/Third_Party/lvgl/src/draw/lv_image_decoder.c:223:6:lv_image_decoder_set_cache_free_cb	0	static
../Middlewares/Third_Party/lvgl/src/draw/lv_image_decoder.c:253:17:lv_image_decoder_post_process	16	static
