../Middlewares/Third_Party/lvgl/src/widgets/spinbox/lv_spinbox.c:397:13:lv_spinbox_updatevalue	72	static
../Middlewares/Third_Party/lvgl/src/widgets/spinbox/lv_spinbox.c:271:13:lv_spinbox_constructor	16	static
../Middlewares/Third_Party/lvgl/src/widgets/spinbox/lv_spinbox.c:296:13:lv_spinbox_event	24	static
../Middlewares/Third_Party/lvgl/src/widgets/spinbox/lv_spinbox.c:55:12:lv_spinbox_create	8	static
../Middlewares/Third_Party/lvgl/src/widgets/spinbox/lv_spinbox.c:67:6:lv_spinbox_set_value	4	static
../Middlewares/Third_Party/lvgl/src/widgets/spinbox/lv_spinbox.c:80:6:lv_spinbox_set_rollover	0	static
../Middlewares/Third_Party/lvgl/src/widgets/spinbox/lv_spinbox.c:88:6:lv_spinbox_set_digit_format	16	static
../Middlewares/Third_Party/lvgl/src/widgets/spinbox/lv_spinbox.c:109:6:lv_spinbox_set_step	0	static
../Middlewares/Third_Party/lvgl/src/widgets/spinbox/lv_spinbox.c:118:6:lv_spinbox_set_range	0	static
../Middlewares/Third_Party/lvgl/src/widgets/spinbox/lv_spinbox.c:132:6:lv_spinbox_set_cursor_pos	24	static
../Middlewares/Third_Party/lvgl/src/widgets/spinbox/lv_spinbox.c:146:6:lv_spinbox_set_digit_step_direction	0	static
../Middlewares/Third_Party/lvgl/src/widgets/spinbox/lv_spinbox.c:158:9:lv_spinbox_get_value	0	static
../Middlewares/Third_Party/lvgl/src/widgets/spinbox/lv_spinbox.c:166:9:lv_spinbox_get_step	0	static
../Middlewares/Third_Party/lvgl/src/widgets/spinbox/lv_spinbox.c:178:6:lv_spinbox_step_next	0	static
../Middlewares/Third_Party/lvgl/src/widgets/spinbox/lv_spinbox.c:189:6:lv_spinbox_step_prev	0	static
../Middlewares/Third_Party/lvgl/src/widgets/spinbox/lv_spinbox.c:201:6:lv_spinbox_get_rollover	0	static
../Middlewares/Third_Party/lvgl/src/widgets/spinbox/lv_spinbox.c:209:6:lv_spinbox_increment	0	static
../Middlewares/Third_Party/lvgl/src/widgets/spinbox/lv_spinbox.c:238:6:lv_spinbox_decrement	0	static
