Screen.hpp:104:18:virtual void touchgfx::Screen::afterTransition()	0	static
Screen.hpp:144:18:virtual void touchgfx::Screen::handleTickEvent()	0	static
Screen.hpp:154:18:virtual void touchgfx::Screen::handleKeyEvent(uint8_t)	0	static
Screen1View.cpp:30:6:virtual void Screen1View::tearDownScreen()	0	static
Screen1View.hpp:11:13:Screen1View::~Screen1View()	8	static
Screen1View.hpp:11:13:virtual Screen1View::~Screen1View()	8	static
Screen1View.cpp:20:1:Screen1View::Screen1View()	8	static
Screen1View.cpp:25:6:virtual void Screen1View::setupScreen()	0	static
Screen1View.cpp:45:6:virtual void Screen1View::SetState(bool)	16	static
Screen1View.cpp:84:6:virtual void Screen1View::SetLevel(int)	8	static
