stm32h7xx_it.c:79:6:NMI_Handler	0	static
stm32h7xx_it.c:94:6:HardFault_Handler	0	static
stm32h7xx_it.c:109:6:MemManage_Handler	0	static
stm32h7xx_it.c:124:6:BusFault_Handler	0	static
stm32h7xx_it.c:139:6:UsageFault_Handler	0	static
stm32h7xx_it.c:154:6:DebugMon_Handler	0	static
stm32h7xx_it.c:174:6:EXTI3_IRQHandler	0	static
stm32h7xx_it.c:188:6:FDCAN1_IT0_IRQHandler	0	static
stm32h7xx_it.c:202:6:TIM2_IRQHandler	0	static
stm32h7xx_it.c:216:6:SDMMC1_IRQHandler	0	static
stm32h7xx_it.c:230:6:TIM6_DAC_IRQHandler	0	static
stm32h7xx_it.c:244:6:OTG_HS_IRQHandler	0	static
stm32h7xx_it.c:258:6:LTDC_IRQHandler	0	static
stm32h7xx_it.c:272:6:DMA2D_IRQHandler	0	static
stm32h7xx_it.c:286:6:JPEG_IRQHandler	0	static
stm32h7xx_it.c:300:6:MDMA_IRQHandler	8	static
