/Users/hussamaldean/STM32CubeIDE/Riverdi_Lvgl/Riverdi_lvgl_new/riverdi-101-stm32h7-lvgl/Middlewares/ST/STM32_USB_Host_Library/Class/MSC/Src/usbh_msc_scsi.c:102:20:USBH_MSC_SCSI_TestUnitReady	0	static
/Users/hussamaldean/STM32CubeIDE/Riverdi_Lvgl/Riverdi_lvgl_new/riverdi-101-stm32h7-lvgl/Middlewares/ST/STM32_USB_Host_Library/Class/MSC/Src/usbh_msc_scsi.c:144:20:USBH_MSC_SCSI_ReadCapacity	16	static
/Users/hussamaldean/STM32CubeIDE/Riverdi_Lvgl/Riverdi_lvgl_new/riverdi-101-stm32h7-lvgl/Middlewares/ST/STM32_USB_Host_Library/Class/MSC/Src/usbh_msc_scsi.c:200:20:USBH_MSC_SCSI_Inquiry	16	static
/Users/hussamaldean/STM32CubeIDE/Riverdi_Lvgl/Riverdi_lvgl_new/riverdi-101-stm32h7-lvgl/Middlewares/ST/STM32_USB_Host_Library/Class/MSC/Src/usbh_msc_scsi.c:271:20:USBH_MSC_SCSI_RequestSense	16	static
/Users/hussamaldean/STM32CubeIDE/Riverdi_Lvgl/Riverdi_lvgl_new/riverdi-101-stm32h7-lvgl/Middlewares/ST/STM32_USB_Host_Library/Class/MSC/Src/usbh_msc_scsi.c:337:20:USBH_MSC_SCSI_Write	12	static
/Users/hussamaldean/STM32CubeIDE/Riverdi_Lvgl/Riverdi_lvgl_new/riverdi-101-stm32h7-lvgl/Middlewares/ST/STM32_USB_Host_Library/Class/MSC/Src/usbh_msc_scsi.c:398:20:USBH_MSC_SCSI_Read	12	static
