../Middlewares/Third_Party/lvgl/src/core/lv_obj_event.c:341:20:event_send_core	16	static
../Middlewares/Third_Party/lvgl/src/core/lv_obj_event.c:45:13:lv_obj_send_event	48	static
../Middlewares/Third_Party/lvgl/src/core/lv_obj_event.c:72:13:lv_obj_event_base	8	static
../Middlewares/Third_Party/lvgl/src/core/lv_obj_event.c:95:18:lv_obj_add_event_cb	24	static
../Middlewares/Third_Party/lvgl/src/core/lv_obj_event.c:103:10:lv_obj_get_event_count	0	static
../Middlewares/Third_Party/lvgl/src/core/lv_obj_event.c:110:18:lv_obj_get_event_dsc	0	static
../Middlewares/Third_Party/lvgl/src/core/lv_obj_event.c:117:6:lv_obj_remove_event	0	static
../Middlewares/Third_Party/lvgl/src/core/lv_obj_event.c:124:6:lv_obj_remove_event_cb	24	static
../Middlewares/Third_Party/lvgl/src/core/lv_obj_event.c:141:6:lv_obj_remove_event_dsc	0	static
../Middlewares/Third_Party/lvgl/src/core/lv_obj_event.c:149:10:lv_obj_remove_event_cb_with_user_data	24	static
../Middlewares/Third_Party/lvgl/src/core/lv_obj_event.c:168:12:lv_event_get_current_target_obj	0	static
../Middlewares/Third_Party/lvgl/src/core/lv_obj_event.c:173:12:lv_event_get_target_obj	0	static
../Middlewares/Third_Party/lvgl/src/core/lv_obj_event.c:178:14:lv_event_get_indev	0	static
../Middlewares/Third_Party/lvgl/src/core/lv_obj_event.c:205:14:lv_event_get_layer	0	static
../Middlewares/Third_Party/lvgl/src/core/lv_obj_event.c:221:19:lv_event_get_old_size	0	static
../Middlewares/Third_Party/lvgl/src/core/lv_obj_event.c:232:10:lv_event_get_key	8	static
../Middlewares/Third_Party/lvgl/src/core/lv_obj_event.c:245:9:lv_event_get_rotary_diff	8	static
../Middlewares/Third_Party/lvgl/src/core/lv_obj_event.c:258:13:lv_event_get_scroll_anim	0	static
../Middlewares/Third_Party/lvgl/src/core/lv_obj_event.c:269:6:lv_event_set_ext_draw_size	8	static
../Middlewares/Third_Party/lvgl/src/core/lv_obj_event.c:280:14:lv_event_get_self_size_info	0	static
../Middlewares/Third_Party/lvgl/src/core/lv_obj_event.c:291:22:lv_event_get_hit_test_info	0	static
../Middlewares/Third_Party/lvgl/src/core/lv_obj_event.c:302:19:lv_event_get_cover_area	8	static
../Middlewares/Third_Party/lvgl/src/core/lv_obj_event.c:314:6:lv_event_set_cover_res	8	static
../Middlewares/Third_Party/lvgl/src/core/lv_obj_event.c:325:18:lv_event_get_draw_task	0	static
