../Middlewares/Third_Party/lvgl/src/core/lv_obj_style.c:965:13:full_cache_refresh	24	static
../Middlewares/Third_Party/lvgl/src/core/lv_obj_style.c:663:26:get_trans_style	16	static
../Middlewares/Third_Party/lvgl/src/core/lv_obj_style.c:1015:13:fade_anim_cb	0	static
../Middlewares/Third_Party/lvgl/src/core/lv_obj_style.c:794:13:trans_delete.isra	40	static
../Middlewares/Third_Party/lvgl/src/core/lv_obj_style.c:690:23:get_prop_core	48	static
../Middlewares/Third_Party/lvgl/src/core/lv_obj_style.c:1048:23:get_selector_style_prop	24	static
../Middlewares/Third_Party/lvgl/src/core/lv_obj_style.c:771:13:refresh_children_style	120	static
../Middlewares/Third_Party/lvgl/src/core/lv_obj_style.c:892:13:trans_anim_start_cb	40	static
../Middlewares/Third_Party/lvgl/src/core/lv_obj_style.c:81:6:_lv_obj_style_init	0	static
../Middlewares/Third_Party/lvgl/src/core/lv_obj_style.c:86:6:_lv_obj_style_deinit	8	static
../Middlewares/Third_Party/lvgl/src/core/lv_obj_style.c:318:6:lv_obj_enable_style_refresh	0	static
../Middlewares/Third_Party/lvgl/src/core/lv_obj_style.c:323:18:lv_obj_get_style_prop	16	static
../Middlewares/Third_Party/lvgl/src/core/lv_obj_style.c:337:6:lv_obj_has_style_prop	16	static
../Middlewares/Third_Party/lvgl/src/core/lv_obj_style.c:373:16:lv_obj_get_local_style_prop	12	static
../Middlewares/Third_Party/lvgl/src/core/lv_obj_style.c:412:6:_lv_obj_style_create_transition	152	static
../Middlewares/Third_Party/lvgl/src/core/lv_obj_style.c:466:18:_lv_obj_style_apply_color_filter	40	static
../Middlewares/Third_Party/lvgl/src/core/lv_obj_style.c:477:23:_lv_obj_style_state_compare	40	static
../Middlewares/Third_Party/lvgl/src/core/lv_obj_style.c:538:6:lv_obj_fade_in	104	static
../Middlewares/Third_Party/lvgl/src/core/lv_obj_style.c:551:6:lv_obj_fade_out	112	static
../Middlewares/Third_Party/lvgl/src/core/lv_obj_style.c:563:17:lv_obj_calculate_style_text_align	32	static
../Middlewares/Third_Party/lvgl/src/core/lv_obj_style.c:571:10:lv_obj_get_style_opa_recursive	40	static
../Middlewares/Third_Party/lvgl/src/core/lv_obj_style.c:604:6:_lv_obj_update_layer_type	56	static
../Middlewares/Third_Party/lvgl/src/core/lv_obj_style.c:272:6:lv_obj_refresh_style.part.0	48	static
../Middlewares/Third_Party/lvgl/src/core/lv_obj_style.c:272:6:lv_obj_refresh_style	0	static
../Middlewares/Third_Party/lvgl/src/core/lv_obj_style.c:154:6:lv_obj_replace_style	48	static
../Middlewares/Third_Party/lvgl/src/core/lv_obj_style.c:200:6:lv_obj_remove_style	48	static
../Middlewares/Third_Party/lvgl/src/core/lv_obj_style.c:253:6:lv_obj_remove_style_all	0	static
../Middlewares/Third_Party/lvgl/src/core/lv_obj_style.c:914:13:trans_anim_completed_cb	32	static
../Middlewares/Third_Party/lvgl/src/core/lv_obj_style.c:95:6:lv_obj_add_style	32	static
../Middlewares/Third_Party/lvgl/src/core/lv_obj_style.c:749:13:report_style_change_core	24	static
../Middlewares/Third_Party/lvgl/src/core/lv_obj_style.c:350:6:lv_obj_set_local_style_prop	32	static
../Middlewares/Third_Party/lvgl/src/core/lv_obj_style.c:387:6:lv_obj_remove_local_style_prop	24	static
../Middlewares/Third_Party/lvgl/src/core/lv_obj_style.c:1020:13:fade_in_anim_completed	0	static
../Middlewares/Third_Party/lvgl/src/core/lv_obj_style.c:828:13:trans_anim_cb	32	static
../Middlewares/Third_Party/lvgl/src/core/lv_obj_style.c:258:6:lv_obj_report_style_change	32	static
