../Middlewares/Third_Party/lvgl/src/core/lv_refr.c:740:19:lv_refr_get_top_obj	24	static
../Middlewares/Third_Party/lvgl/src/core/lv_refr.c:69:6:_lv_refr_init	0	static
../Middlewares/Third_Party/lvgl/src/core/lv_refr.c:73:6:_lv_refr_deinit	0	static
../Middlewares/Third_Party/lvgl/src/core/lv_refr.c:94:6:lv_obj_redraw	320	static
../Middlewares/Third_Party/lvgl/src/core/lv_refr.c:886:6:refr_obj.part.0	232	static
../Middlewares/Third_Party/lvgl/src/core/lv_refr.c:780:13:refr_obj_and_children	32	static
../Middlewares/Third_Party/lvgl/src/core/lv_refr.c:670:13:refr_area_part	40	static
../Middlewares/Third_Party/lvgl/src/core/lv_refr.c:251:6:_lv_inv_area	56	static
../Middlewares/Third_Party/lvgl/src/core/lv_refr.c:310:16:_lv_refr_get_disp_refreshing	0	static
../Middlewares/Third_Party/lvgl/src/core/lv_refr.c:319:6:_lv_refr_set_disp_refreshing	0	static
../Middlewares/Third_Party/lvgl/src/core/lv_refr.c:324:6:_lv_display_refr_timer	152	static
../Middlewares/Third_Party/lvgl/src/core/lv_refr.c:77:6:lv_refr_now	8	static
