/Users/hussamaldean/STM32CubeIDE/Riverdi_Lvgl/Riverdi_lvgl_new/riverdi-101-stm32h7-lvgl/Drivers/STM32H7xx_HAL_Driver/Src/stm32h7xx_hal_rng.c:371:13:HAL_RNG_MspInit	0	static
/Users/hussamaldean/STM32CubeIDE/Riverdi_Lvgl/Riverdi_lvgl_new/riverdi-101-stm32h7-lvgl/Drivers/STM32H7xx_HAL_Driver/Src/stm32h7xx_hal_rng.c:167:19:HAL_RNG_Init	16	static
/Users/hussamaldean/STM32CubeIDE/Riverdi_Lvgl/Riverdi_lvgl_new/riverdi-101-stm32h7-lvgl/Drivers/STM32H7xx_HAL_Driver/Src/stm32h7xx_hal_rng.c:386:13:HAL_RNG_MspDeInit	0	static
/Users/hussamaldean/STM32CubeIDE/Riverdi_Lvgl/Riverdi_lvgl_new/riverdi-101-stm32h7-lvgl/Drivers/STM32H7xx_HAL_Driver/Src/stm32h7xx_hal_rng.c:290:19:HAL_RNG_DeInit	8	static
/Users/hussamaldean/STM32CubeIDE/Riverdi_Lvgl/Riverdi_lvgl_new/riverdi-101-stm32h7-lvgl/Drivers/STM32H7xx_HAL_Driver/Src/stm32h7xx_hal_rng.c:653:19:HAL_RNG_GenerateRandomNumber	24	static
/Users/hussamaldean/STM32CubeIDE/Riverdi_Lvgl/Riverdi_lvgl_new/riverdi-101-stm32h7-lvgl/Drivers/STM32H7xx_HAL_Driver/Src/stm32h7xx_hal_rng.c:740:19:HAL_RNG_GenerateRandomNumber_IT	0	static
/Users/hussamaldean/STM32CubeIDE/Riverdi_Lvgl/Riverdi_lvgl_new/riverdi-101-stm32h7-lvgl/Drivers/STM32H7xx_HAL_Driver/Src/stm32h7xx_hal_rng.c:876:10:HAL_RNG_ReadLastRandomNumber	0	static
/Users/hussamaldean/STM32CubeIDE/Riverdi_Lvgl/Riverdi_lvgl_new/riverdi-101-stm32h7-lvgl/Drivers/STM32H7xx_HAL_Driver/Src/stm32h7xx_hal_rng.c:893:13:HAL_RNG_ReadyDataCallback	0	static
/Users/hussamaldean/STM32CubeIDE/Riverdi_Lvgl/Riverdi_lvgl_new/riverdi-101-stm32h7-lvgl/Drivers/STM32H7xx_HAL_Driver/Src/stm32h7xx_hal_rng.c:909:13:HAL_RNG_ErrorCallback	0	static
/Users/hussamaldean/STM32CubeIDE/Riverdi_Lvgl/Riverdi_lvgl_new/riverdi-101-stm32h7-lvgl/Drivers/STM32H7xx_HAL_Driver/Src/stm32h7xx_hal_rng.c:789:6:HAL_RNG_IRQHandler	8	static
/Users/hussamaldean/STM32CubeIDE/Riverdi_Lvgl/Riverdi_lvgl_new/riverdi-101-stm32h7-lvgl/Drivers/STM32H7xx_HAL_Driver/Src/stm32h7xx_hal_rng.c:943:22:HAL_RNG_GetState	0	static
/Users/hussamaldean/STM32CubeIDE/Riverdi_Lvgl/Riverdi_lvgl_new/riverdi-101-stm32h7-lvgl/Drivers/STM32H7xx_HAL_Driver/Src/stm32h7xx_hal_rng.c:953:10:HAL_RNG_GetError	0	static
