C:/Users/hussamaldean/STM32CubeIDE/Riverdi/Riverdi_Displays/Riverdi10_1/CAN_FD_Example/CM7/Core/Src/freertos.c:238:6:StartDefaultTask	8	static
C:/Users/hussamaldean/STM32CubeIDE/Riverdi/Riverdi_Displays/Riverdi10_1/CAN_FD_Example/CM7/Core/Src/freertos.c:258:6:StartChargerLevelTask	8	static
C:/Users/hussamaldean/STM32CubeIDE/Riverdi/Riverdi_Displays/Riverdi10_1/CAN_FD_Example/CM7/Core/Src/freertos.c:290:6:StartChargeStatuseTask	8	static
C:/Users/hussamaldean/STM32CubeIDE/Riverdi/Riverdi_Displays/Riverdi10_1/CAN_FD_Example/CM7/Core/Src/freertos.c:146:6:vApplicationIdleHook	0	static
C:/Users/hussamaldean/STM32CubeIDE/Riverdi/Riverdi_Displays/Riverdi10_1/CAN_FD_Example/CM7/Core/Src/freertos.c:161:6:vApplicationStackOverflowHook	0	static
C:/Users/hussamaldean/STM32CubeIDE/Riverdi/Riverdi_Displays/Riverdi10_1/CAN_FD_Example/CM7/Core/Src/freertos.c:174:6:MX_FREERTOS_Init	8	static
C:/Users/hussamaldean/STM32CubeIDE/Riverdi/Riverdi_Displays/Riverdi10_1/CAN_FD_Example/CM7/Core/Src/freertos.c:321:6:HAL_FDCAN_RxFifo0Callback	8	static
