C:/Users/hussam/Documents/GitHub/Riverdi_Displays/Riverdi10_1/CAN_FD_Example/CM7/Core/Src/stm32h7xx_it.c:76:6:NMI_Handler	0	static
C:/Users/hussam/Documents/GitHub/Riverdi_Displays/Riverdi10_1/CAN_FD_Example/CM7/Core/Src/stm32h7xx_it.c:91:6:HardFault_Handler	0	static
C:/Users/hussam/Documents/GitHub/Riverdi_Displays/Riverdi10_1/CAN_FD_Example/CM7/Core/Src/stm32h7xx_it.c:106:6:MemManage_Handler	0	static
C:/Users/hussam/Documents/GitHub/Riverdi_Displays/Riverdi10_1/CAN_FD_Example/CM7/Core/Src/stm32h7xx_it.c:121:6:BusFault_Handler	0	static
C:/Users/hussam/Documents/GitHub/Riverdi_Displays/Riverdi10_1/CAN_FD_Example/CM7/Core/Src/stm32h7xx_it.c:136:6:UsageFault_Handler	0	static
C:/Users/hussam/Documents/GitHub/Riverdi_Displays/Riverdi10_1/CAN_FD_Example/CM7/Core/Src/stm32h7xx_it.c:151:6:DebugMon_Handler	0	static
C:/Users/hussam/Documents/GitHub/Riverdi_Displays/Riverdi10_1/CAN_FD_Example/CM7/Core/Src/stm32h7xx_it.c:171:6:EXTI3_IRQHandler	0	static
C:/Users/hussam/Documents/GitHub/Riverdi_Displays/Riverdi10_1/CAN_FD_Example/CM7/Core/Src/stm32h7xx_it.c:185:6:FDCAN1_IT0_IRQHandler	0	static
C:/Users/hussam/Documents/GitHub/Riverdi_Displays/Riverdi10_1/CAN_FD_Example/CM7/Core/Src/stm32h7xx_it.c:199:6:TIM2_IRQHandler	0	static
C:/Users/hussam/Documents/GitHub/Riverdi_Displays/Riverdi10_1/CAN_FD_Example/CM7/Core/Src/stm32h7xx_it.c:213:6:OTG_HS_IRQHandler	0	static
C:/Users/hussam/Documents/GitHub/Riverdi_Displays/Riverdi10_1/CAN_FD_Example/CM7/Core/Src/stm32h7xx_it.c:227:6:LTDC_IRQHandler	0	static
C:/Users/hussam/Documents/GitHub/Riverdi_Displays/Riverdi10_1/CAN_FD_Example/CM7/Core/Src/stm32h7xx_it.c:241:6:JPEG_IRQHandler	0	static
C:/Users/hussam/Documents/GitHub/Riverdi_Displays/Riverdi10_1/CAN_FD_Example/CM7/Core/Src/stm32h7xx_it.c:255:6:MDMA_IRQHandler	8	static
