C:/Users/hussamaldean/STM32CubeIDE/Riverdi/Riverdi_Displays/Riverdi10_1/CAN_FD_Example/CM7/Core/Src/stm32h7xx_it.c:75:6:NMI_Handler	0	static
C:/Users/hussamaldean/STM32CubeIDE/Riverdi/Riverdi_Displays/Riverdi10_1/CAN_FD_Example/CM7/Core/Src/stm32h7xx_it.c:90:6:HardFault_Handler	0	static
C:/Users/hussamaldean/STM32CubeIDE/Riverdi/Riverdi_Displays/Riverdi10_1/CAN_FD_Example/CM7/Core/Src/stm32h7xx_it.c:105:6:MemManage_Handler	0	static
C:/Users/hussamaldean/STM32CubeIDE/Riverdi/Riverdi_Displays/Riverdi10_1/CAN_FD_Example/CM7/Core/Src/stm32h7xx_it.c:120:6:BusFault_Handler	0	static
C:/Users/hussamaldean/STM32CubeIDE/Riverdi/Riverdi_Displays/Riverdi10_1/CAN_FD_Example/CM7/Core/Src/stm32h7xx_it.c:135:6:UsageFault_Handler	0	static
C:/Users/hussamaldean/STM32CubeIDE/Riverdi/Riverdi_Displays/Riverdi10_1/CAN_FD_Example/CM7/Core/Src/stm32h7xx_it.c:150:6:DebugMon_Handler	0	static
C:/Users/hussamaldean/STM32CubeIDE/Riverdi/Riverdi_Displays/Riverdi10_1/CAN_FD_Example/CM7/Core/Src/stm32h7xx_it.c:170:6:EXTI3_IRQHandler	0	static
C:/Users/hussamaldean/STM32CubeIDE/Riverdi/Riverdi_Displays/Riverdi10_1/CAN_FD_Example/CM7/Core/Src/stm32h7xx_it.c:184:6:TIM2_IRQHandler	0	static
C:/Users/hussamaldean/STM32CubeIDE/Riverdi/Riverdi_Displays/Riverdi10_1/CAN_FD_Example/CM7/Core/Src/stm32h7xx_it.c:198:6:OTG_HS_IRQHandler	0	static
C:/Users/hussamaldean/STM32CubeIDE/Riverdi/Riverdi_Displays/Riverdi10_1/CAN_FD_Example/CM7/Core/Src/stm32h7xx_it.c:212:6:LTDC_IRQHandler	0	static
C:/Users/hussamaldean/STM32CubeIDE/Riverdi/Riverdi_Displays/Riverdi10_1/CAN_FD_Example/CM7/Core/Src/stm32h7xx_it.c:226:6:JPEG_IRQHandler	0	static
C:/Users/hussamaldean/STM32CubeIDE/Riverdi/Riverdi_Displays/Riverdi10_1/CAN_FD_Example/CM7/Core/Src/stm32h7xx_it.c:240:6:MDMA_IRQHandler	8	static
