Screen.hpp:104:18:virtual void touchgfx::Screen::afterTransition()	0	static
Screen.hpp:144:18:virtual void touchgfx::Screen::handleTickEvent()	0	static
Screen.hpp:154:18:virtual void touchgfx::Screen::handleKeyEvent(uint8_t)	0	static
Screen1View.cpp:17:6:virtual void Screen1View::tearDownScreen()	0	static
Screen1View.hpp:11:13:Screen1View::~Screen1View()	8	static
Screen1View.hpp:11:13:virtual Screen1View::~Screen1View()	8	static
Screen1View.cpp:7:1:Screen1View::Screen1View()	8	static
Screen1View.cpp:12:6:virtual void Screen1View::setupScreen()	0	static
Screen1View.cpp:22:6:virtual void Screen1View::setChargeLevel(int)	8	static
Screen1View.cpp:30:6:virtual void Screen1View::setChargeState(bool)	8	static
Screen1View.cpp:55:6:virtual void Screen1View::SetFault(bool)	16	static
