../Middlewares/Third_Party/lvgl/src/widgets/switch/lv_switch.c:215:13:lv_switch_anim_completed	0	static
../Middlewares/Third_Party/lvgl/src/widgets/switch/lv_switch.c:205:13:lv_switch_anim_exec_cb	0	static
../Middlewares/Third_Party/lvgl/src/widgets/switch/lv_switch.c:101:13:lv_switch_destructor	0	static
../Middlewares/Third_Party/lvgl/src/widgets/switch/lv_switch.c:146:13:draw_main	280	static
../Middlewares/Third_Party/lvgl/src/widgets/switch/lv_switch.c:85:13:lv_switch_constructor	8	static
../Middlewares/Third_Party/lvgl/src/widgets/switch/lv_switch.c:109:13:lv_switch_event	112	static
../Middlewares/Third_Party/lvgl/src/widgets/switch/lv_switch.c:73:12:lv_switch_create	8	static
