../Middlewares/Third_Party/lvgl/src/widgets/win/lv_win.c:91:13:lv_win_constructor	16	static
../Middlewares/Third_Party/lvgl/src/widgets/win/lv_win.c:44:12:lv_win_create	8	static
../Middlewares/Third_Party/lvgl/src/widgets/win/lv_win.c:52:12:lv_win_add_title	16	static
../Middlewares/Third_Party/lvgl/src/widgets/win/lv_win.c:62:12:lv_win_add_button	16	static
../Middlewares/Third_Party/lvgl/src/widgets/win/lv_win.c:77:12:lv_win_get_header	0	static
../Middlewares/Third_Party/lvgl/src/widgets/win/lv_win.c:82:12:lv_win_get_content	0	static
