../Middlewares/Third_Party/lvgl/src/widgets/arc/lv_arc.c:782:13:get_center	48	static
../Middlewares/Third_Party/lvgl/src/widgets/arc/lv_arc.c:894:16:knob_get_extra_size	24	static
../Middlewares/Third_Party/lvgl/src/widgets/arc/lv_arc.c:405:13:lv_arc_constructor	16	static
../Middlewares/Third_Party/lvgl/src/widgets/arc/lv_arc.c:731:13:inv_arc_area	72	static
../Middlewares/Third_Party/lvgl/src/widgets/arc/lv_arc.c:823:13:get_knob_area	56	static
../Middlewares/Third_Party/lvgl/src/widgets/arc/lv_arc.c:70:12:lv_arc_create	8	static
../Middlewares/Third_Party/lvgl/src/widgets/arc/lv_arc.c:90:6:lv_arc_set_start_angle	48	static
../Middlewares/Third_Party/lvgl/src/widgets/arc/lv_arc.c:114:6:lv_arc_set_end_angle	48	static
../Middlewares/Third_Party/lvgl/src/widgets/arc/lv_arc.c:849:13:value_update	32	static
../Middlewares/Third_Party/lvgl/src/widgets/arc/lv_arc.c:436:13:lv_arc_event.part.0	248	static
../Middlewares/Third_Party/lvgl/src/widgets/arc/lv_arc.c:436:13:lv_arc_event	8	static
../Middlewares/Third_Party/lvgl/src/widgets/arc/lv_arc.c:137:6:lv_arc_set_angles	16	static
../Middlewares/Third_Party/lvgl/src/widgets/arc/lv_arc.c:143:6:lv_arc_set_bg_start_angle	32	static
../Middlewares/Third_Party/lvgl/src/widgets/arc/lv_arc.c:165:6:lv_arc_set_bg_end_angle	32	static
../Middlewares/Third_Party/lvgl/src/widgets/arc/lv_arc.c:187:6:lv_arc_set_bg_angles	16	static
../Middlewares/Third_Party/lvgl/src/widgets/arc/lv_arc.c:193:6:lv_arc_set_rotation	0	static
../Middlewares/Third_Party/lvgl/src/widgets/arc/lv_arc.c:203:6:lv_arc_set_mode	16	static
../Middlewares/Third_Party/lvgl/src/widgets/arc/lv_arc.c:232:6:lv_arc_set_value	32	static
../Middlewares/Third_Party/lvgl/src/widgets/arc/lv_arc.c:249:6:lv_arc_set_range	32	static
../Middlewares/Third_Party/lvgl/src/widgets/arc/lv_arc.c:269:6:lv_arc_set_change_rate	0	static
../Middlewares/Third_Party/lvgl/src/widgets/arc/lv_arc.c:277:6:lv_arc_set_knob_offset	0	static
../Middlewares/Third_Party/lvgl/src/widgets/arc/lv_arc.c:289:20:lv_arc_get_angle_start	0	static
../Middlewares/Third_Party/lvgl/src/widgets/arc/lv_arc.c:295:20:lv_arc_get_angle_end	0	static
../Middlewares/Third_Party/lvgl/src/widgets/arc/lv_arc.c:301:20:lv_arc_get_bg_angle_start	0	static
../Middlewares/Third_Party/lvgl/src/widgets/arc/lv_arc.c:307:20:lv_arc_get_bg_angle_end	0	static
../Middlewares/Third_Party/lvgl/src/widgets/arc/lv_arc.c:313:9:lv_arc_get_value	0	static
../Middlewares/Third_Party/lvgl/src/widgets/arc/lv_arc.c:319:9:lv_arc_get_min_value	0	static
../Middlewares/Third_Party/lvgl/src/widgets/arc/lv_arc.c:325:9:lv_arc_get_max_value	0	static
../Middlewares/Third_Party/lvgl/src/widgets/arc/lv_arc.c:331:15:lv_arc_get_mode	0	static
../Middlewares/Third_Party/lvgl/src/widgets/arc/lv_arc.c:337:9:lv_arc_get_rotation	0	static
../Middlewares/Third_Party/lvgl/src/widgets/arc/lv_arc.c:343:9:lv_arc_get_knob_offset	0	static
../Middlewares/Third_Party/lvgl/src/widgets/arc/lv_arc.c:353:6:lv_arc_align_obj_to_angle	48	static
../Middlewares/Third_Party/lvgl/src/widgets/arc/lv_arc.c:374:6:lv_arc_rotate_obj_to_angle	48	static
