../Middlewares/Third_Party/lvgl/src/widgets/table/lv_table.c:898:16:get_row_height	80	static
../Middlewares/Third_Party/lvgl/src/widgets/table/lv_table.c:1038:13:get_cell_area	32	static
../Middlewares/Third_Party/lvgl/src/widgets/table/lv_table.c:1073:13:scroll_to_selected_cell	32	static
../Middlewares/Third_Party/lvgl/src/widgets/table/lv_table.c:648:13:draw_main	608	static
../Middlewares/Third_Party/lvgl/src/widgets/table/lv_table.c:505:13:lv_table_destructor	24	static
../Middlewares/Third_Party/lvgl/src/widgets/table/lv_table.c:486:13:lv_table_constructor	8	static
../Middlewares/Third_Party/lvgl/src/widgets/table/lv_table.c:864:13:refr_cell_size	96	static
../Middlewares/Third_Party/lvgl/src/widgets/table/lv_table.c:838:13:refr_size_form_row.constprop	88	static
../Middlewares/Third_Party/lvgl/src/widgets/table/lv_table.c:527:13:lv_table_event	40	static
../Middlewares/Third_Party/lvgl/src/widgets/table/lv_table.c:76:12:lv_table_create	8	static
../Middlewares/Third_Party/lvgl/src/widgets/table/lv_table.c:200:6:lv_table_set_row_count	32	static
../Middlewares/Third_Party/lvgl/src/widgets/table/lv_table.c:243:6:lv_table_set_column_count	72	static
../Middlewares/Third_Party/lvgl/src/widgets/table/lv_table.c:88:6:lv_table_set_cell_value	48	static
../Middlewares/Third_Party/lvgl/src/widgets/table/lv_table.c:123:6:lv_table_set_cell_value_fmt	44	static
../Middlewares/Third_Party/lvgl/src/widgets/table/lv_table.c:302:6:lv_table_set_column_width	16	static
../Middlewares/Third_Party/lvgl/src/widgets/table/lv_table.c:315:6:lv_table_add_cell_ctrl	24	static
../Middlewares/Third_Party/lvgl/src/widgets/table/lv_table.c:340:6:lv_table_clear_cell_ctrl	24	static
../Middlewares/Third_Party/lvgl/src/widgets/table/lv_table.c:365:6:lv_table_set_cell_user_data	24	static
../Middlewares/Third_Party/lvgl/src/widgets/table/lv_table.c:398:14:lv_table_get_cell_value	0	static
../Middlewares/Third_Party/lvgl/src/widgets/table/lv_table.c:414:10:lv_table_get_row_count	0	static
../Middlewares/Third_Party/lvgl/src/widgets/table/lv_table.c:422:10:lv_table_get_column_count	0	static
../Middlewares/Third_Party/lvgl/src/widgets/table/lv_table.c:430:9:lv_table_get_column_width	0	static
../Middlewares/Third_Party/lvgl/src/widgets/table/lv_table.c:444:6:lv_table_has_cell_ctrl	4	static
../Middlewares/Third_Party/lvgl/src/widgets/table/lv_table.c:459:6:lv_table_get_selected_cell	0	static
../Middlewares/Third_Party/lvgl/src/widgets/table/lv_table.c:466:8:lv_table_get_cell_user_data	0	static
