../Middlewares/Third_Party/lvgl/src/indev/lv_indev.c:1617:13:indev_scroll_throw_anim_completed_cb	0	static
../Middlewares/Third_Party/lvgl/src/indev/lv_indev.c:1601:13:indev_scroll_throw_anim_cb	8	static
../Middlewares/Third_Party/lvgl/src/indev/lv_indev.c:1583:20:send_event	64	static
../Middlewares/Third_Party/lvgl/src/indev/lv_indev.c:1248:13:indev_proc_release	136	static
../Middlewares/Third_Party/lvgl/src/indev/lv_indev.c:109:14:lv_indev_create	8	static
../Middlewares/Third_Party/lvgl/src/indev/lv_indev.c:141:6:lv_indev_delete	48	static
../Middlewares/Third_Party/lvgl/src/indev/lv_indev.c:157:14:lv_indev_get_next	0	static
../Middlewares/Third_Party/lvgl/src/indev/lv_indev.c:265:6:lv_indev_enable	16	static
../Middlewares/Third_Party/lvgl/src/indev/lv_indev.c:279:14:lv_indev_active	0	static
../Middlewares/Third_Party/lvgl/src/indev/lv_indev.c:284:6:lv_indev_set_type	0	static
../Middlewares/Third_Party/lvgl/src/indev/lv_indev.c:292:6:lv_indev_set_read_cb	0	static
../Middlewares/Third_Party/lvgl/src/indev/lv_indev.c:299:6:lv_indev_set_user_data	0	static
../Middlewares/Third_Party/lvgl/src/indev/lv_indev.c:305:6:lv_indev_set_driver_data	0	static
../Middlewares/Third_Party/lvgl/src/indev/lv_indev.c:311:20:lv_indev_get_read_cb	0	static
../Middlewares/Third_Party/lvgl/src/indev/lv_indev.c:321:17:lv_indev_get_type	0	static
../Middlewares/Third_Party/lvgl/src/indev/lv_indev.c:328:18:lv_indev_get_state	0	static
../Middlewares/Third_Party/lvgl/src/indev/lv_indev.c:335:14:lv_indev_get_group	0	static
../Middlewares/Third_Party/lvgl/src/indev/lv_indev.c:342:16:lv_indev_get_display	0	static
../Middlewares/Third_Party/lvgl/src/indev/lv_indev.c:349:6:lv_indev_set_display	0	static
../Middlewares/Third_Party/lvgl/src/indev/lv_indev.c:356:8:lv_indev_get_user_data	0	static
../Middlewares/Third_Party/lvgl/src/indev/lv_indev.c:362:8:lv_indev_get_driver_data	0	static
../Middlewares/Third_Party/lvgl/src/indev/lv_indev.c:369:6:lv_indev_reset	72	static
../Middlewares/Third_Party/lvgl/src/indev/lv_indev.c:384:6:lv_indev_reset_long_press	8	static
../Middlewares/Third_Party/lvgl/src/indev/lv_indev.c:391:6:lv_indev_set_cursor	16	static
../Middlewares/Third_Party/lvgl/src/indev/lv_indev.c:402:6:lv_indev_set_group	0	static
../Middlewares/Third_Party/lvgl/src/indev/lv_indev.c:409:6:lv_indev_set_button_points	0	static
../Middlewares/Third_Party/lvgl/src/indev/lv_indev.c:416:6:lv_indev_get_point	0	static
../Middlewares/Third_Party/lvgl/src/indev/lv_indev.c:432:10:lv_indev_get_gesture_dir	0	static
../Middlewares/Third_Party/lvgl/src/indev/lv_indev.c:437:10:lv_indev_get_key	0	static
../Middlewares/Third_Party/lvgl/src/indev/lv_indev.c:447:10:lv_indev_get_scroll_dir	0	static
../Middlewares/Third_Party/lvgl/src/indev/lv_indev.c:454:12:lv_indev_get_scroll_obj	0	static
../Middlewares/Third_Party/lvgl/src/indev/lv_indev.c:461:6:lv_indev_get_vect	0	static
../Middlewares/Third_Party/lvgl/src/indev/lv_indev.c:474:6:lv_indev_wait_release	0	static
../Middlewares/Third_Party/lvgl/src/indev/lv_indev.c:480:12:lv_indev_get_active_obj	0	static
../Middlewares/Third_Party/lvgl/src/indev/lv_indev.c:485:14:lv_indev_get_read_timer	0	static
../Middlewares/Third_Party/lvgl/src/indev/lv_indev.c:495:17:lv_indev_get_mode	0	static
../Middlewares/Third_Party/lvgl/src/indev/lv_indev.c:501:6:lv_indev_set_mode	8	static
../Middlewares/Third_Party/lvgl/src/indev/lv_indev.c:519:12:lv_indev_search_obj	48	static
../Middlewares/Third_Party/lvgl/src/indev/lv_indev.c:1360:19:pointer_search_obj	16	static
../Middlewares/Third_Party/lvgl/src/indev/lv_indev.c:1103:13:indev_proc_press	64	static
../Middlewares/Third_Party/lvgl/src/indev/lv_indev.c:200:6:lv_indev_read.part.0	72	static
../Middlewares/Third_Party/lvgl/src/indev/lv_indev.c:200:6:lv_indev_read	4	static
../Middlewares/Third_Party/lvgl/src/indev/lv_indev.c:195:6:lv_indev_read_timer_cb	4	static
../Middlewares/Third_Party/lvgl/src/indev/lv_indev.c:555:6:lv_indev_add_event_cb	0	static
../Middlewares/Third_Party/lvgl/src/indev/lv_indev.c:562:10:lv_indev_get_event_count	0	static
../Middlewares/Third_Party/lvgl/src/indev/lv_indev.c:568:18:lv_indev_get_event_dsc	0	static
../Middlewares/Third_Party/lvgl/src/indev/lv_indev.c:575:6:lv_indev_remove_event	0	static
../Middlewares/Third_Party/lvgl/src/indev/lv_indev.c:582:10:lv_indev_remove_event_cb_with_user_data	24	static
../Middlewares/Third_Party/lvgl/src/indev/lv_indev.c:601:13:lv_indev_send_event	56	static
