../Middlewares/Third_Party/lvgl/src/widgets/calendar/lv_calendar_header_dropdown.c:100:13:my_constructor	16	static
../Middlewares/Third_Party/lvgl/src/widgets/calendar/lv_calendar_header_dropdown.c:162:13:value_changed_event_cb	16	static
../Middlewares/Third_Party/lvgl/src/widgets/calendar/lv_calendar_header_dropdown.c:125:13:month_event_cb	16	static
../Middlewares/Third_Party/lvgl/src/widgets/calendar/lv_calendar_header_dropdown.c:140:13:year_event_cb	16	static
../Middlewares/Third_Party/lvgl/src/widgets/calendar/lv_calendar_header_dropdown.c:63:12:lv_calendar_header_dropdown_create	8	static
../Middlewares/Third_Party/lvgl/src/widgets/calendar/lv_calendar_header_dropdown.c:71:6:lv_calendar_header_dropdown_set_year_list	16	static
