../Middlewares/Third_Party/lvgl/src/libs/bin_decoder/lv_bin_decoder.c:107:13:lv_bin_decoder_info	32	static
../Middlewares/Third_Party/lvgl/src/libs/bin_decoder/lv_bin_decoder.c:814:20:decode_alpha_only.constprop	56	static
../Middlewares/Third_Party/lvgl/src/libs/bin_decoder/lv_bin_decoder.c:549:20:decode_indexed.constprop	40	static
../Middlewares/Third_Party/lvgl/src/libs/bin_decoder/lv_bin_decoder.c:351:6:lv_bin_decoder_close	16	static
../Middlewares/Third_Party/lvgl/src/libs/bin_decoder/lv_bin_decoder.c:370:13:lv_bin_decoder_get_area	64	static
../Middlewares/Third_Party/lvgl/src/libs/bin_decoder/lv_bin_decoder.c:174:13:lv_bin_decoder_open	24	static
../Middlewares/Third_Party/lvgl/src/libs/bin_decoder/lv_bin_decoder.c:89:6:lv_bin_decoder_init	8	static
